{"done": 1, "of": 512, "seconds": 0, "boxes": 1, "swept": 0, "failed": 0}
{"done": 2, "of": 512, "seconds": 0, "boxes": 1, "swept": 0, "failed": 0}
{"done": 3, "of": 512, "seconds": 0, "boxes": 1, "swept": 0, "failed": 0}
{"done": 4, "of": 512, "seconds": 0, "boxes": 1, "swept": 0, "failed": 0}
{"done": 5, "of": 512, "seconds": 0, "boxes": 1, "swept": 0, "failed": 0}
{"done": 6, "of": 512, "seconds": 0, "boxes": 1, "swept": 0, "failed": 0}
{"done": 7, "of": 512, "seconds": 0, "boxes": 1, "swept": 0, "failed": 0}
{"done": 8, "of": 512, "seconds": 0, "boxes": 1, "swept": 0, "failed": 0}
{"done": 9, "of": 512, "seconds": 0, "boxes": 1, "swept": 0, "failed": 0}
{"done": 10, "of": 512, "seconds": 0, "boxes": 1, "swept": 0, "failed": 0}
{"done": 11, "of": 512, "seconds": 0, "boxes": 1, "swept": 0, "failed": 0}
{"done": 12, "of": 512, "seconds": 0, "boxes": 1, "swept": 0, "failed": 0}
{"done": 13, "of": 512, "seconds": 0, "boxes": 1, "swept": 0, "failed": 0}
{"done": 14, "of": 512, "seconds": 0, "boxes": 1, "swept": 0, "failed": 0}
{"done": 15, "of": 512, "seconds": 0, "boxes": 1, "swept": 0, "failed": 0}
{"done": 16, "of": 512, "seconds": 0, "boxes": 1, "swept": 0, "failed": 0}
{"done": 17, "of": 512, "seconds": 0, "boxes": 1, "swept": 0, "failed": 0}
{"done": 18, "of": 512, "seconds": 0, "boxes": 1, "swept": 0, "failed": 0}
{"done": 19, "of": 512, "seconds": 0, "boxes": 1, "swept": 0, "failed": 0}
{"done": 20, "of": 512, "seconds": 0, "boxes": 1, "swept": 0, "failed": 0}
{"done": 21, "of": 512, "seconds": 0, "boxes": 1, "swept": 0, "failed": 0}
{"done": 22, "of": 512, "seconds": 0, "boxes": 1, "swept": 0, "failed": 0}
{"done": 23, "of": 512, "seconds": 0, "boxes": 1, "swept": 0, "failed": 0}
{"done": 24, "of": 512, "seconds": 0, "boxes": 1, "swept": 0, "failed": 0}
{"done": 25, "of": 512, "seconds": 0, "boxes": 1, "swept": 0, "failed": 0}
{"done": 26, "of": 512, "seconds": 0, "boxes": 1, "swept": 0, "failed": 0}
{"done": 27, "of": 512, "seconds": 0, "boxes": 1, "swept": 0, "failed": 0}
{"done": 28, "of": 512, "seconds": 0, "boxes": 1, "swept": 0, "failed": 0}
{"done": 29, "of": 512, "seconds": 0, "boxes": 1, "swept": 0, "failed": 0}
{"done": 30, "of": 512, "seconds": 0, "boxes": 1, "swept": 0, "failed": 0}
{"done": 31, "of": 512, "seconds": 0, "boxes": 1, "swept": 0, "failed": 0}
{"done": 32, "of": 512, "seconds": 0, "boxes": 1, "swept": 0, "failed": 0}
{"done": 33, "of": 512, "seconds": 0, "boxes": 1, "swept": 0, "failed": 0}
{"done": 34, "of": 512, "seconds": 0, "boxes": 1, "swept": 0, "failed": 0}
{"done": 35, "of": 512, "seconds": 0, "boxes": 1, "swept": 0, "failed": 0}
{"done": 36, "of": 512, "seconds": 0, "boxes": 1, "swept": 0, "failed": 0}
{"done": 37, "of": 512, "seconds": 0, "boxes": 1, "swept": 0, "failed": 0}
{"done": 38, "of": 512, "seconds": 0, "boxes": 1, "swept": 0, "failed": 0}
{"done": 39, "of": 512, "seconds": 0, "boxes": 1, "swept": 0, "failed": 0}
{"done": 40, "of": 512, "seconds": 0, "boxes": 1, "swept": 0, "failed": 0}
{"done": 41, "of": 512, "seconds": 0, "boxes": 1, "swept": 0, "failed": 0}
{"done": 42, "of": 512, "seconds": 0, "boxes": 1, "swept": 0, "failed": 0}
{"done": 43, "of": 512, "seconds": 0, "boxes": 1, "swept": 0, "failed": 0}
{"done": 44, "of": 512, "seconds": 0, "boxes": 1, "swept": 0, "failed": 0}
{"done": 45, "of": 512, "seconds": 0, "boxes": 1, "swept": 0, "failed": 0}
{"done": 46, "of": 512, "seconds": 0, "boxes": 1, "swept": 0, "failed": 0}
{"done": 47, "of": 512, "seconds": 0, "boxes": 1, "swept": 0, "failed": 0}
{"done": 48, "of": 512, "seconds": 0, "boxes": 1, "swept": 0, "failed": 0}
{"done": 49, "of": 512, "seconds": 0, "boxes": 1, "swept": 0, "failed": 0}
{"done": 50, "of": 512, "seconds": 0, "boxes": 1, "swept": 0, "failed": 0}
{"done": 51, "of": 512, "seconds": 0, "boxes": 1, "swept": 0, "failed": 0}
{"done": 52, "of": 512, "seconds": 0, "boxes": 1, "swept": 0, "failed": 0}
{"done": 53, "of": 512, "seconds": 0, "boxes": 1, "swept": 0, "failed": 0}
{"done": 54, "of": 512, "seconds": 0, "boxes": 1, "swept": 0, "failed": 0}
{"done": 55, "of": 512, "seconds": 0, "boxes": 1, "swept": 0, "failed": 0}
{"done": 56, "of": 512, "seconds": 0, "boxes": 1, "swept": 0, "failed": 0}
{"done": 57, "of": 512, "seconds": 0, "boxes": 1, "swept": 0, "failed": 0}
{"done": 58, "of": 512, "seconds": 0, "boxes": 1, "swept": 0, "failed": 0}
{"done": 59, "of": 512, "seconds": 0, "boxes": 1, "swept": 0, "failed": 0}
{"done": 60, "of": 512, "seconds": 0, "boxes": 1, "swept": 0, "failed": 0}
{"done": 61, "of": 512, "seconds": 0, "boxes": 1, "swept": 0, "failed": 0}
{"done": 62, "of": 512, "seconds": 0, "boxes": 1, "swept": 0, "failed": 0}
{"done": 63, "of": 512, "seconds": 0, "boxes": 1, "swept": 0, "failed": 0}
{"done": 64, "of": 512, "seconds": 0, "boxes": 1, "swept": 0, "failed": 0}
{"done": 65, "of": 512, "seconds": 0, "boxes": 1, "swept": 0, "failed": 0}
{"done": 66, "of": 512, "seconds": 0, "boxes": 1, "swept": 0, "failed": 0}
{"done": 67, "of": 512, "seconds": 0, "boxes": 1, "swept": 0, "failed": 0}
{"done": 68, "of": 512, "seconds": 0, "boxes": 1, "swept": 0, "failed": 0}
{"done": 69, "of": 512, "seconds": 0, "boxes": 1, "swept": 0, "failed": 0}
{"done": 70, "of": 512, "seconds": 0, "boxes": 1, "swept": 0, "failed": 0}
{"done": 71, "of": 512, "seconds": 0, "boxes": 1, "swept": 0, "failed": 0}
{"done": 72, "of": 512, "seconds": 0, "boxes": 1, "swept": 0, "failed": 0}
{"done": 73, "of": 512, "seconds": 0, "boxes": 1, "swept": 0, "failed": 0}
{"done": 74, "of": 512, "seconds": 0, "boxes": 1, "swept": 0, "failed": 0}
{"done": 75, "of": 512, "seconds": 0, "boxes": 1, "swept": 0, "failed": 0}
{"done": 76, "of": 512, "seconds": 0, "boxes": 1, "swept": 0, "failed": 0}
{"done": 77, "of": 512, "seconds": 0, "boxes": 1, "swept": 0, "failed": 0}
{"done": 78, "of": 512, "seconds": 0, "boxes": 1, "swept": 0, "failed": 0}
{"done": 79, "of": 512, "seconds": 0, "boxes": 1, "swept": 0, "failed": 0}
{"done": 80, "of": 512, "seconds": 0, "boxes": 1, "swept": 0, "failed": 0}
{"done": 81, "of": 512, "seconds": 0, "boxes": 1, "swept": 0, "failed": 0}
{"done": 82, "of": 512, "seconds": 0, "boxes": 1, "swept": 0, "failed": 0}
{"done": 83, "of": 512, "seconds": 0, "boxes": 1, "swept": 0, "failed": 0}
{"done": 84, "of": 512, "seconds": 0, "boxes": 1, "swept": 0, "failed": 0}
{"done": 85, "of": 512, "seconds": 0, "boxes": 1, "swept": 0, "failed": 0}
{"done": 86, "of": 512, "seconds": 0, "boxes": 1, "swept": 0, "failed": 0}
{"done": 87, "of": 512, "seconds": 0, "boxes": 1, "swept": 0, "failed": 0}
{"done": 88, "of": 512, "seconds": 0, "boxes": 1, "swept": 0, "failed": 0}
{"done": 89, "of": 512, "seconds": 0, "boxes": 1, "swept": 0, "failed": 0}
{"done": 90, "of": 512, "seconds": 0, "boxes": 1, "swept": 0, "failed": 0}
{"done": 91, "of": 512, "seconds": 0, "boxes": 1, "swept": 0, "failed": 0}
{"done": 92, "of": 512, "seconds": 0, "boxes": 1, "swept": 0, "failed": 0}
{"done": 93, "of": 512, "seconds": 0, "boxes": 1, "swept": 0, "failed": 0}
{"done": 94, "of": 512, "seconds": 0, "boxes": 1, "swept": 0, "failed": 0}
{"done": 95, "of": 512, "seconds": 0, "boxes": 1, "swept": 0, "failed": 0}
{"done": 96, "of": 512, "seconds": 0, "boxes": 1, "swept": 0, "failed": 0}
{"done": 97, "of": 512, "seconds": 0, "boxes": 1, "swept": 0, "failed": 0}
{"done": 98, "of": 512, "seconds": 0, "boxes": 1, "swept": 0, "failed": 0}
{"done": 99, "of": 512, "seconds": 0, "boxes": 1, "swept": 0, "failed": 0}
{"done": 100, "of": 512, "seconds": 0, "boxes": 1, "swept": 0, "failed": 0}
{"done": 101, "of": 512, "seconds": 0, "boxes": 1, "swept": 0, "failed": 0}
{"done": 102, "of": 512, "seconds": 0, "boxes": 1, "swept": 0, "failed": 0}
{"done": 103, "of": 512, "seconds": 0, "boxes": 1, "swept": 0, "failed": 0}
{"done": 104, "of": 512, "seconds": 0, "boxes": 1, "swept": 0, "failed": 0}
{"done": 105, "of": 512, "seconds": 0, "boxes": 1, "swept": 0, "failed": 0}
{"done": 106, "of": 512, "seconds": 0, "boxes": 1, "swept": 0, "failed": 0}
{"done": 107, "of": 512, "seconds": 0, "boxes": 1, "swept": 0, "failed": 0}
{"done": 108, "of": 512, "seconds": 0, "boxes": 1, "swept": 0, "failed": 0}
{"done": 109, "of": 512, "seconds": 0, "boxes": 1, "swept": 0, "failed": 0}
{"done": 110, "of": 512, "seconds": 0, "boxes": 1, "swept": 0, "failed": 0}
{"done": 111, "of": 512, "seconds": 0, "boxes": 1, "swept": 0, "failed": 0}
{"done": 112, "of": 512, "seconds": 0, "boxes": 1, "swept": 0, "failed": 0}
{"done": 113, "of": 512, "seconds": 0, "boxes": 1, "swept": 0, "failed": 0}
{"done": 114, "of": 512, "seconds": 0, "boxes": 1, "swept": 0, "failed": 0}
{"done": 115, "of": 512, "seconds": 0, "boxes": 1, "swept": 0, "failed": 0}
{"done": 116, "of": 512, "seconds": 0, "boxes": 1, "swept": 0, "failed": 0}
{"done": 117, "of": 512, "seconds": 0, "boxes": 1, "swept": 0, "failed": 0}
{"done": 118, "of": 512, "seconds": 0, "boxes": 1, "swept": 0, "failed": 0}
{"done": 119, "of": 512, "seconds": 0, "boxes": 1, "swept": 0, "failed": 0}
{"done": 120, "of": 512, "seconds": 0, "boxes": 1, "swept": 0, "failed": 0}
{"done": 121, "of": 512, "seconds": 0, "boxes": 1, "swept": 0, "failed": 0}
{"done": 122, "of": 512, "seconds": 0, "boxes": 1, "swept": 0, "failed": 0}
{"done": 123, "of": 512, "seconds": 0, "boxes": 1, "swept": 0, "failed": 0}
{"done": 124, "of": 512, "seconds": 0, "boxes": 1, "swept": 0, "failed": 0}
{"done": 125, "of": 512, "seconds": 0, "boxes": 1, "swept": 0, "failed": 0}
{"done": 126, "of": 512, "seconds": 0, "boxes": 1, "swept": 0, "failed": 0}
{"done": 127, "of": 512, "seconds": 0, "boxes": 1, "swept": 0, "failed": 0}
{"done": 128, "of": 512, "seconds": 0, "boxes": 1, "swept": 0, "failed": 0}
{"done": 129, "of": 512, "seconds": 0, "boxes": 1, "swept": 0, "failed": 0}
{"done": 130, "of": 512, "seconds": 0, "boxes": 1, "swept": 0, "failed": 0}
{"done": 131, "of": 512, "seconds": 0, "boxes": 1, "swept": 0, "failed": 0}
{"done": 132, "of": 512, "seconds": 0, "boxes": 1, "swept": 0, "failed": 0}
{"done": 133, "of": 512, "seconds": 0, "boxes": 1, "swept": 0, "failed": 0}
{"done": 134, "of": 512, "seconds": 0, "boxes": 1, "swept": 0, "failed": 0}
{"done": 135, "of": 512, "seconds": 0, "boxes": 1, "swept": 0, "failed": 0}
{"done": 136, "of": 512, "seconds": 0, "boxes": 1, "swept": 0, "failed": 0}
{"done": 137, "of": 512, "seconds": 0, "boxes": 1, "swept": 0, "failed": 0}
{"done": 138, "of": 512, "seconds": 0, "boxes": 1, "swept": 0, "failed": 0}
{"done": 139, "of": 512, "seconds": 0, "boxes": 1, "swept": 0, "failed": 0}
{"done": 140, "of": 512, "seconds": 0, "boxes": 1, "swept": 0, "failed": 0}
{"done": 141, "of": 512, "seconds": 0, "boxes": 1, "swept": 0, "failed": 0}
{"done": 142, "of": 512, "seconds": 0, "boxes": 1, "swept": 0, "failed": 0}
{"done": 143, "of": 512, "seconds": 0, "boxes": 1, "swept": 0, "failed": 0}
{"done": 144, "of": 512, "seconds": 0, "boxes": 1, "swept": 0, "failed": 0}
{"done": 145, "of": 512, "seconds": 0, "boxes": 11, "swept": 0, "failed": 0}
{"done": 146, "of": 512, "seconds": 1, "boxes": 19, "swept": 0, "failed": 0}
{"done": 147, "of": 512, "seconds": 1, "boxes": 49, "swept": 0, "failed": 0}
{"done": 148, "of": 512, "seconds": 2, "boxes": 45, "swept": 0, "failed": 0}
{"done": 149, "of": 512, "seconds": 2, "boxes": 49, "swept": 0, "failed": 0}
{"done": 150, "of": 512, "seconds": 2, "boxes": 49, "swept": 0, "failed": 0}
{"done": 151, "of": 512, "seconds": 6, "boxes": 117, "swept": 0, "failed": 0}
{"trace": [0.683, 1.0245, 0.5915, 0.8873, 0.125, 0.1429], "boxes": 200, "depth": 5, "stack": 1, "swept": 0, "failed": 0, "box": [0.853766, 0.974386, 0.591506, 0.665445, 0.125, 0.133929]}
{"done": 152, "of": 512, "seconds": 6, "boxes": 201, "swept": 0, "failed": 0}
{"done": 153, "of": 512, "seconds": 7, "boxes": 131, "swept": 0, "failed": 0}
{"done": 154, "of": 512, "seconds": 7, "boxes": 39, "swept": 0, "failed": 0}
{"done": 155, "of": 512, "seconds": 9, "boxes": 51, "swept": 0, "failed": 0}
{"done": 156, "of": 512, "seconds": 9, "boxes": 177, "swept": 0, "failed": 0}
{"done": 157, "of": 512, "seconds": 9, "boxes": 61, "swept": 0, "failed": 0}
{"done": 158, "of": 512, "seconds": 9, "boxes": 45, "swept": 0, "failed": 0}
{"trace": [0.683, 1.0245, 0.8873, 1.183, 0.0357, 0.0536], "boxes": 200, "depth": 7, "stack": 3, "swept": 0, "failed": 0, "box": [0.683013, 0.725701, 1.109074, 1.183013, 0.040179, 0.044643]}
{"done": 159, "of": 512, "seconds": 9, "boxes": 27, "swept": 0, "failed": 0}
{"trace": [0.683, 1.0245, 0.8873, 1.183, 0.0536, 0.0714], "boxes": 200, "depth": 7, "stack": 3, "swept": 0, "failed": 0, "box": [0.768389, 0.811078, 0.961198, 1.035136, 0.0625, 0.066964]}
{"trace": [0.683, 1.0245, 0.8873, 1.183, 0.0, 0.0179], "boxes": 200, "depth": 10, "stack": 5, "swept": 0, "failed": 0, "box": [0.768389, 0.789733, 1.146044, 1.183013, 0.002232, 0.004464]}
{"trace": [0.683, 1.0245, 0.8873, 1.183, 0.0179, 0.0357], "boxes": 200, "depth": 13, "stack": 5, "swept": 0, "failed": 0, "box": [0.768389, 0.779061, 1.146044, 1.164528, 0.020089, 0.021205]}
{"done": 160, "of": 512, "seconds": 10, "boxes": 19, "swept": 0, "failed": 0}
{"done": 161, "of": 512, "seconds": 10, "boxes": 213, "swept": 0, "failed": 0}
{"done": 162, "of": 512, "seconds": 10, "boxes": 223, "swept": 0, "failed": 0}
{"done": 163, "of": 512, "seconds": 10, "boxes": 15, "swept": 0, "failed": 0}
{"done": 164, "of": 512, "seconds": 10, "boxes": 1, "swept": 0, "failed": 0}
{"done": 165, "of": 512, "seconds": 10, "boxes": 1, "swept": 0, "failed": 0}
{"done": 166, "of": 512, "seconds": 10, "boxes": 1, "swept": 0, "failed": 0}
{"done": 167, "of": 512, "seconds": 10, "boxes": 1, "swept": 0, "failed": 0}
{"done": 168, "of": 512, "seconds": 10, "boxes": 1, "swept": 0, "failed": 0}
{"done": 169, "of": 512, "seconds": 10, "boxes": 1, "swept": 0, "failed": 0}
{"done": 170, "of": 512, "seconds": 10, "boxes": 1, "swept": 0, "failed": 0}
{"done": 171, "of": 512, "seconds": 10, "boxes": 1, "swept": 0, "failed": 0}
{"done": 172, "of": 512, "seconds": 10, "boxes": 1, "swept": 0, "failed": 0}
{"done": 173, "of": 512, "seconds": 10, "boxes": 1, "swept": 0, "failed": 0}
{"done": 174, "of": 512, "seconds": 10, "boxes": 1, "swept": 0, "failed": 0}
{"done": 175, "of": 512, "seconds": 10, "boxes": 1, "swept": 0, "failed": 0}
{"done": 176, "of": 512, "seconds": 10, "boxes": 1, "swept": 0, "failed": 0}
{"done": 177, "of": 512, "seconds": 10, "boxes": 1, "swept": 0, "failed": 0}
{"done": 178, "of": 512, "seconds": 10, "boxes": 1, "swept": 0, "failed": 0}
{"done": 179, "of": 512, "seconds": 10, "boxes": 1, "swept": 0, "failed": 0}
{"done": 180, "of": 512, "seconds": 10, "boxes": 1, "swept": 0, "failed": 0}
{"done": 181, "of": 512, "seconds": 10, "boxes": 1, "swept": 0, "failed": 0}
{"done": 182, "of": 512, "seconds": 10, "boxes": 1, "swept": 0, "failed": 0}
{"done": 183, "of": 512, "seconds": 10, "boxes": 1, "swept": 0, "failed": 0}
{"done": 184, "of": 512, "seconds": 10, "boxes": 1, "swept": 0, "failed": 0}
{"done": 185, "of": 512, "seconds": 10, "boxes": 1, "swept": 0, "failed": 0}
{"done": 186, "of": 512, "seconds": 10, "boxes": 1, "swept": 0, "failed": 0}
{"done": 187, "of": 512, "seconds": 10, "boxes": 1, "swept": 0, "failed": 0}
{"trace": [0.683, 1.0245, 0.8873, 1.183, 0.125, 0.1429], "boxes": 200, "depth": 9, "stack": 3, "swept": 0, "failed": 0, "box": [0.768389, 0.811078, 1.109074, 1.146044, 0.125, 0.127232]}
{"done": 188, "of": 512, "seconds": 10, "boxes": 27, "swept": 0, "failed": 0}
{"done": 189, "of": 512, "seconds": 10, "boxes": 27, "swept": 0, "failed": 0}
{"done": 190, "of": 512, "seconds": 10, "boxes": 15, "swept": 0, "failed": 0}
{"done": 191, "of": 512, "seconds": 11, "boxes": 27, "swept": 0, "failed": 0}
{"trace": [0.683, 1.0245, 0.8873, 1.183, 0.1071, 0.125], "boxes": 200, "depth": 14, "stack": 7, "swept": 0, "failed": 0, "box": [0.779061, 0.789733, 1.136801, 1.146044, 0.109375, 0.110491]}
{"done": 192, "of": 512, "seconds": 11, "boxes": 15, "swept": 0, "failed": 0}
{"done": 193, "of": 512, "seconds": 11, "boxes": 227, "swept": 0, "failed": 0}
{"done": 194, "of": 512, "seconds": 11, "boxes": 1, "swept": 0, "failed": 0}
{"done": 195, "of": 512, "seconds": 11, "boxes": 1, "swept": 0, "failed": 0}
{"trace": [0.683, 1.0245, 1.183, 1.4788, 0.0, 0.0179], "boxes": 200, "depth": 14, "stack": 7, "swept": 3, "failed": 0, "box": [0.800406, 0.811078, 1.192255, 1.201497, 0.014509, 0.015625]}
{"trace": [0.683, 1.0245, 1.183, 1.4788, 0.0536, 0.0714], "boxes": 200, "depth": 12, "stack": 3, "swept": 0, "failed": 0, "box": [0.789733, 0.811078, 1.183013, 1.201497, 0.055804, 0.05692]}
{"trace": [0.683, 1.0245, 1.183, 1.4788, 0.0179, 0.0357], "boxes": 200, "depth": 13, "stack": 5, "swept": 0, "failed": 0, "box": [0.789733, 0.800406, 1.201497, 1.219982, 0.027902, 0.029018]}
{"done": 196, "of": 512, "seconds": 14, "boxes": 221, "swept": 0, "failed": 0}
{"trace": [1.0245, 1.366, 0.2958, 0.5915, 0.0, 0.0179], "boxes": 200, "depth": 13, "stack": 9, "swept": 0, "failed": 0, "box": [1.331223, 1.348624, 0.499083, 0.517568, 0.010045, 0.011161]}
{"trace": [0.683, 1.0245, 1.183, 1.4788, 0.0357, 0.0536], "boxes": 200, "depth": 10, "stack": 3, "swept": 0, "failed": 0, "box": [0.811078, 0.832422, 1.183013, 1.219982, 0.044643, 0.046875]}
{"done": 197, "of": 512, "seconds": 14, "boxes": 59, "swept": 0, "failed": 0}
{"done": 198, "of": 512, "seconds": 15, "boxes": 303, "swept": 0, "failed": 0}
{"done": 199, "of": 512, "seconds": 17, "boxes": 59, "swept": 0, "failed": 0}
{"trace": [1.0245, 1.366, 0.2958, 0.5915, 0.0, 0.0179], "boxes": 400, "depth": 16, "stack": 11, "swept": 0, "failed": 0, "box": [1.339923, 1.348624, 0.499083, 0.508326, 0.007812, 0.008371]}
{"trace": [1.0245, 1.366, 0.2958, 0.5915, 0.0179, 0.0357], "boxes": 200, "depth": 12, "stack": 7, "swept": 0, "failed": 0, "box": [1.150004, 1.165004, 0.544772, 0.562248, 0.030134, 0.03125]}
{"trace": [0.683, 1.0245, 0.8873, 1.183, 0.125, 0.1429], "boxes": 400, "depth": 7, "stack": 1, "swept": 0, "failed": 0, "box": [0.768389, 0.811078, 0.88726, 0.961198, 0.125, 0.129464]}
{"done": 200, "of": 512, "seconds": 20, "boxes": 401, "swept": 0, "failed": 0}
{"trace": [1.0245, 1.366, 0.2958, 0.5915, 0.0357, 0.0536], "boxes": 200, "depth": 12, "stack": 7, "swept": 0, "failed": 0, "box": [1.131578, 1.153128, 0.565597, 0.578552, 0.051339, 0.052455]}
{"trace": [1.0245, 1.366, 0.2958, 0.5915, 0.0714, 0.0893], "boxes": 200, "depth": 12, "stack": 7, "swept": 0, "failed": 0, "box": [1.15289, 1.174081, 0.554537, 0.573022, 0.074777, 0.075893]}
{"trace": [1.0245, 1.366, 0.2958, 0.5915, 0.0893, 0.1071], "boxes": 200, "depth": 13, "stack": 9, "swept": 0, "failed": 0, "box": [1.148327, 1.163976, 0.573022, 0.591506, 0.094866, 0.095982]}
{"trace": [1.0245, 1.366, 0.2958, 0.5915, 0.0, 0.0179], "boxes": 600, "depth": 19, "stack": 13, "swept": 0, "failed": 0, "box": [1.326872, 1.331223, 0.503705, 0.508326, 0.007812, 0.008092]}
{"done": 201, "of": 512, "seconds": 22, "boxes": 119, "swept": 0, "failed": 0}
{"trace": [1.0245, 1.366, 0.2958, 0.5915, 0.0536, 0.0714], "boxes": 200, "depth": 14, "stack": 9, "swept": 0, "failed": 0, "box": [1.150221, 1.162784, 0.564595, 0.575624, 0.064732, 0.065848]}
{"done": 202, "of": 512, "seconds": 23, "boxes": 143, "swept": 0, "failed": 0}
{"trace": [0.683, 1.0245, 1.183, 1.4788, 0.0179, 0.0357], "boxes": 400, "depth": 15, "stack": 3, "swept": 0, "failed": 0, "box": [0.789733, 0.800406, 1.183013, 1.192255, 0.020089, 0.020647]}
{"done": 203, "of": 512, "seconds": 24, "boxes": 423, "swept": 0, "failed": 0}
{"done": 204, "of": 512, "seconds": 24, "boxes": 1, "swept": 0, "failed": 0}
{"done": 205, "of": 512, "seconds": 24, "boxes": 1, "swept": 0, "failed": 0}
{"done": 206, "of": 512, "seconds": 24, "boxes": 1, "swept": 0, "failed": 0}
{"done": 207, "of": 512, "seconds": 25, "boxes": 1, "swept": 0, "failed": 0}
{"done": 208, "of": 512, "seconds": 25, "boxes": 1, "swept": 0, "failed": 0}
{"done": 209, "of": 512, "seconds": 25, "boxes": 1, "swept": 0, "failed": 0}
{"done": 210, "of": 512, "seconds": 25, "boxes": 1, "swept": 0, "failed": 0}
{"done": 211, "of": 512, "seconds": 25, "boxes": 1, "swept": 0, "failed": 0}
{"done": 212, "of": 512, "seconds": 25, "boxes": 1, "swept": 0, "failed": 0}
{"done": 213, "of": 512, "seconds": 25, "boxes": 1, "swept": 0, "failed": 0}
{"done": 214, "of": 512, "seconds": 25, "boxes": 1, "swept": 0, "failed": 0}
{"done": 215, "of": 512, "seconds": 25, "boxes": 1, "swept": 0, "failed": 0}
{"trace": [0.683, 1.0245, 1.183, 1.4788, 0.0357, 0.0536], "boxes": 400, "depth": 17, "stack": 7, "swept": 0, "failed": 0, "box": [0.816414, 0.82175, 1.215361, 1.219982, 0.040179, 0.040737]}
{"done": 216, "of": 512, "seconds": 25, "boxes": 1, "swept": 0, "failed": 0}
{"done": 217, "of": 512, "seconds": 25, "boxes": 1, "swept": 0, "failed": 0}
{"done": 218, "of": 512, "seconds": 25, "boxes": 1, "swept": 0, "failed": 0}
{"done": 219, "of": 512, "seconds": 26, "boxes": 1, "swept": 0, "failed": 0}
{"trace": [1.0245, 1.366, 0.2958, 0.5915, 0.0, 0.0179], "boxes": 800, "depth": 17, "stack": 11, "swept": 0, "failed": 0, "box": [1.313821, 1.322522, 0.503705, 0.508326, 0.006138, 0.006696]}
{"done": 220, "of": 512, "seconds": 27, "boxes": 171, "swept": 0, "failed": 0}
{"done": 221, "of": 512, "seconds": 28, "boxes": 41, "swept": 0, "failed": 0}
{"trace": [1.0245, 1.366, 0.2958, 0.5915, 0.0179, 0.0357], "boxes": 400, "depth": 17, "stack": 11, "swept": 0, "failed": 0, "box": [1.195727, 1.202865, 0.52924, 0.53299, 0.031529, 0.031808]}
{"done": 222, "of": 512, "seconds": 29, "boxes": 35, "swept": 0, "failed": 0}
{"done": 223, "of": 512, "seconds": 30, "boxes": 35, "swept": 0, "failed": 0}
{"done": 224, "of": 512, "seconds": 30, "boxes": 151, "swept": 0, "failed": 0}
{"trace": [1.0245, 1.366, 0.2958, 0.5915, 0.0, 0.0179], "boxes": 1000, "depth": 16, "stack": 9, "swept": 0, "failed": 0, "box": [1.235515, 1.244215, 0.499083, 0.508326, 0.007254, 0.007812]}
{"done": 225, "of": 512, "seconds": 30, "boxes": 109, "swept": 0, "failed": 0}
{"trace": [1.0245, 1.366, 0.2958, 0.5915, 0.0893, 0.1071], "boxes": 400, "depth": 3, "stack": 1, "swept": 0, "failed": 0, "box": [1.024519, 1.07268, 0.44363, 0.591506, 0.089286, 0.107143]}
{"trace": [1.0245, 1.366, 0.2958, 0.5915, 0.0357, 0.0536], "boxes": 400, "depth": 13, "stack": 9, "swept": 0, "failed": 0, "box": [1.161577, 1.176816, 0.535552, 0.550552, 0.05069, 0.051339]}
{"done": 226, "of": 512, "seconds": 31, "boxes": 39, "swept": 0, "failed": 0}
{"done": 227, "of": 512, "seconds": 32, "boxes": 425, "swept": 0, "failed": 0}
{"done": 228, "of": 512, "seconds": 32, "boxes": 41, "swept": 0, "failed": 0}
{"trace": [1.0245, 1.366, 0.2958, 0.5915, 0.0714, 0.0893], "boxes": 400, "depth": 18, "stack": 9, "swept": 0, "failed": 0, "box": [1.142854, 1.147872, 0.570296, 0.574538, 0.080357, 0.080636]}
{"done": 229, "of": 512, "seconds": 33, "boxes": 139, "swept": 0, "failed": 0}
{"trace": [1.0245, 1.366, 0.2958, 0.5915, 0.0536, 0.0714], "boxes": 400, "depth": 16, "stack": 7, "swept": 0, "failed": 0, "box": [1.172532, 1.180875, 0.545295, 0.554537, 0.054688, 0.055246]}
{"trace": [0.683, 1.0245, 1.183, 1.4788, 0.0, 0.0179], "boxes": 400, "depth": 16, "stack": 7, "swept": 11, "failed": 0, "box": [0.795069, 0.800406, 1.192255, 1.201497, 0.012277, 0.012835]}
{"trace": [1.0245, 1.366, 0.2958, 0.5915, 0.0179, 0.0357], "boxes": 600, "depth": 12, "stack": 7, "swept": 0, "failed": 0, "box": [1.180003, 1.201892, 0.502991, 0.53299, 0.02567, 0.026005]}
{"trace": [1.0245, 1.366, 1.7745, 2.0703, 0.0, 0.0179], "boxes": 200, "depth": 17, "stack": 5, "swept": 0, "failed": 0, "box": [1.227785, 1.236425, 1.848457, 1.853078, 0.013393, 0.013951]}
{"trace": [1.0245, 1.366, 1.7745, 2.0703, 0.0179, 0.0357], "boxes": 200, "depth": 11, "stack": 7, "swept": 0, "failed": 0, "box": [1.212785, 1.227785, 1.832067, 1.851249, 0.03125, 0.032366]}
{"trace": [1.0245, 1.366, 1.4788, 1.7745, 0.0893, 0.1071], "boxes": 200, "depth": 8, "stack": 5, "swept": 0, "failed": 0, "box": [1.109896, 1.152584, 1.73755, 1.774519, 0.09375, 0.098214]}
{"trace": [1.0245, 1.366, 1.4788, 1.7745, 0.1071, 0.125], "boxes": 200, "depth": 12, "stack": 7, "swept": 0, "failed": 0, "box": [1.13124, 1.152584, 1.73755, 1.756034, 0.117188, 0.118304]}
{"trace": [1.0245, 1.366, 1.7745, 2.0703, 0.0357, 0.0536], "boxes": 200, "depth": 11, "stack": 7, "swept": 0, "failed": 0, "box": [1.344681, 1.366025, 1.811488, 1.829973, 0.042411, 0.044643]}
{"done": 230, "of": 512, "seconds": 42, "boxes": 229, "swept": 0, "failed": 0}
{"trace": [1.0245, 1.366, 1.4788, 1.7745, 0.125, 0.1429], "boxes": 200, "depth": 12, "stack": 7, "swept": 0, "failed": 0, "box": [1.13124, 1.152584, 1.73755, 1.756034, 0.13058, 0.131696]}
{"trace": [1.0245, 1.366, 0.2958, 0.5915, 0.0714, 0.0893], "boxes": 600, "depth": 7, "stack": 3, "swept": 0, "failed": 0, "box": [1.092891, 1.15289, 0.523632, 0.591506, 0.071429, 0.075893]}
{"trace": [1.0245, 1.366, 1.7745, 2.0703, 0.0, 0.0179], "boxes": 400, "depth": 19, "stack": 11, "swept": 0, "failed": 0, "box": [1.292585, 1.296905, 1.853078, 1.8577, 0.01144, 0.011719]}
{"trace": [1.0245, 1.366, 0.2958, 0.5915, 0.0536, 0.0714], "boxes": 600, "depth": 11, "stack": 3, "swept": 0, "failed": 0, "box": [1.112533, 1.142532, 0.507441, 0.53744, 0.053571, 0.055804]}
{"trace": [1.0245, 1.366, 0.2958, 0.5915, 0.0179, 0.0357], "boxes": 800, "depth": 10, "stack": 7, "swept": 0, "failed": 0, "box": [1.126349, 1.150004, 0.573022, 0.591506, 0.026786, 0.029018]}
{"done": 231, "of": 512, "seconds": 48, "boxes": 651, "swept": 0, "failed": 0}
{"trace": [1.0245, 1.366, 1.7745, 2.0703, 0.0, 0.0179], "boxes": 600, "depth": 20, "stack": 11, "swept": 0, "failed": 0, "box": [1.232105, 1.236425, 1.855389, 1.8577, 0.013114, 0.013393]}
{"done": 232, "of": 512, "seconds": 49, "boxes": 329, "swept": 0, "failed": 0}
{"trace": [1.0245, 1.366, 1.7745, 2.0703, 0.0357, 0.0536], "boxes": 400, "depth": 13, "stack": 9, "swept": 0, "failed": 0, "box": [1.1846, 1.195272, 1.811488, 1.829973, 0.052455, 0.053571]}
{"trace": [1.0245, 1.366, 1.7745, 2.0703, 0.0536, 0.0714], "boxes": 200, "depth": 9, "stack": 3, "swept": 0, "failed": 0, "box": [1.237961, 1.280649, 1.811488, 1.848457, 0.053571, 0.055804]}
{"done": 233, "of": 512, "seconds": 51, "boxes": 741, "swept": 0, "failed": 0}
{"done": 234, "of": 512, "seconds": 51, "boxes": 1, "swept": 0, "failed": 0}
{"done": 235, "of": 512, "seconds": 51, "boxes": 1, "swept": 0, "failed": 0}
{"done": 236, "of": 512, "seconds": 51, "boxes": 1, "swept": 0, "failed": 0}
{"done": 237, "of": 512, "seconds": 51, "boxes": 1, "swept": 0, "failed": 0}
{"done": 238, "of": 512, "seconds": 51, "boxes": 1, "swept": 0, "failed": 0}
{"done": 239, "of": 512, "seconds": 51, "boxes": 1, "swept": 0, "failed": 0}
{"done": 240, "of": 512, "seconds": 51, "boxes": 1, "swept": 0, "failed": 0}
{"done": 241, "of": 512, "seconds": 51, "boxes": 1, "swept": 0, "failed": 0}
{"done": 242, "of": 512, "seconds": 51, "boxes": 1, "swept": 0, "failed": 0}
{"done": 243, "of": 512, "seconds": 51, "boxes": 1, "swept": 0, "failed": 0}
{"done": 244, "of": 512, "seconds": 51, "boxes": 1, "swept": 0, "failed": 0}
{"done": 245, "of": 512, "seconds": 51, "boxes": 1, "swept": 0, "failed": 0}
{"done": 246, "of": 512, "seconds": 51, "boxes": 1, "swept": 0, "failed": 0}
{"done": 247, "of": 512, "seconds": 51, "boxes": 1, "swept": 0, "failed": 0}
{"done": 248, "of": 512, "seconds": 51, "boxes": 1, "swept": 0, "failed": 0}
{"done": 249, "of": 512, "seconds": 51, "boxes": 1, "swept": 0, "failed": 0}
{"done": 250, "of": 512, "seconds": 51, "boxes": 1, "swept": 0, "failed": 0}
{"done": 251, "of": 512, "seconds": 51, "boxes": 1, "swept": 0, "failed": 0}
{"trace": [1.0245, 1.366, 0.2958, 0.5915, 0.0, 0.0179], "boxes": 1200, "depth": 20, "stack": 13, "swept": 4, "failed": 0, "box": [1.361675, 1.366025, 0.501394, 0.503705, 0.003348, 0.003627]}
{"trace": [1.0245, 1.366, 1.4788, 1.7745, 0.1071, 0.125], "boxes": 400, "depth": 16, "stack": 11, "swept": 0, "failed": 0, "box": [1.15792, 1.163256, 1.765277, 1.774519, 0.111049, 0.111607]}
{"trace": [0.683, 1.0245, 1.183, 1.4788, 0.0, 0.0179], "boxes": 600, "depth": 20, "stack": 9, "swept": 14, "failed": 0, "box": [0.795069, 0.797737, 1.194566, 1.196876, 0.008092, 0.008371]}
{"done": 252, "of": 512, "seconds": 53, "boxes": 595, "swept": 3, "failed": 0}
{"trace": [1.0245, 1.366, 1.7745, 2.0703, 0.0, 0.0179], "boxes": 800, "depth": 13, "stack": 7, "swept": 0, "failed": 0, "box": [1.279625, 1.296905, 1.848457, 1.866942, 0.010045, 0.011161]}
{"trace": [1.0245, 1.366, 1.7745, 2.0703, 0.0714, 0.0893], "boxes": 200, "depth": 16, "stack": 7, "swept": 0, "failed": 0, "box": [1.15792, 1.163256, 1.783761, 1.793004, 0.087054, 0.087612]}
{"done": 253, "of": 512, "seconds": 58, "boxes": 991, "swept": 0, "failed": 0}
{"trace": [1.0245, 1.366, 1.7745, 2.0703, 0.0893, 0.1071], "boxes": 200, "depth": 10, "stack": 5, "swept": 0, "failed": 0, "box": [1.173928, 1.195272, 1.774519, 1.811488, 0.100446, 0.102679]}
{"trace": [1.366, 1.7075, 0.2958, 0.5915, 0.0, 0.0179], "boxes": 200, "depth": 9, "stack": 5, "swept": 0, "failed": 0, "box": [1.600082, 1.635898, 0.517568, 0.554537, 0.0, 0.004464]}
{"trace": [1.0245, 1.366, 1.7745, 2.0703, 0.0357, 0.0536], "boxes": 600, "depth": 15, "stack": 7, "swept": 0, "failed": 0, "box": [1.163256, 1.173928, 1.82073, 1.829973, 0.041295, 0.041853]}
{"trace": [1.0245, 1.366, 1.7745, 2.0703, 0.0536, 0.0714], "boxes": 400, "depth": 17, "stack": 11, "swept": 0, "failed": 0, "box": [1.168592, 1.173928, 1.806867, 1.811488, 0.068638, 0.069196]}
{"trace": [1.366, 1.7075, 0.2958, 0.5915, 0.0179, 0.0357], "boxes": 200, "depth": 16, "stack": 11, "swept": 0, "failed": 0, "box": [1.556765, 1.564265, 0.529164, 0.533959, 0.031808, 0.032366]}
{"trace": [0.683, 1.0245, 1.183, 1.4788, 0.0, 0.0179], "boxes": 800, "depth": 17, "stack": 5, "swept": 14, "failed": 0, "box": [0.789733, 0.795069, 1.192255, 1.196876, 0.001674, 0.002232]}
{"done": 254, "of": 512, "seconds": 63, "boxes": 593, "swept": 0, "failed": 0}
{"done": 255, "of": 512, "seconds": 64, "boxes": 723, "swept": 0, "failed": 0}
{"trace": [1.366, 1.7075, 0.2958, 0.5915, 0.0357, 0.0536], "boxes": 200, "depth": 12, "stack": 7, "swept": 0, "failed": 0, "box": [1.558123, 1.579467, 0.536053, 0.554537, 0.042411, 0.043527]}
{"trace": [1.0245, 1.366, 1.7745, 2.0703, 0.0714, 0.0893], "boxes": 400, "depth": 4, "stack": 1, "swept": 0, "failed": 0, "box": [1.024519, 1.109896, 1.774519, 1.922396, 0.080357, 0.089286]}
{"done": 256, "of": 512, "seconds": 68, "boxes": 357, "swept": 14, "failed": 0}
{"trace": [1.0245, 1.366, 1.7745, 2.0703, 0.0893, 0.1071], "boxes": 400, "depth": 4, "stack": 1, "swept": 0, "failed": 0, "box": [1.024519, 1.109896, 1.774519, 1.922396, 0.098214, 0.107143]}
{"trace": [1.366, 1.7075, 0.2958, 0.5915, 0.0, 0.0179], "boxes": 400, "depth": 3, "stack": 1, "swept": 0, "failed": 0, "box": [1.504266, 1.564265, 0.295753, 0.454778, 0.0, 0.017857]}
{"trace": [1.0245, 1.366, 1.7745, 2.0703, 0.0536, 0.0714], "boxes": 600, "depth": 10, "stack": 3, "swept": 0, "failed": 0, "box": [1.109896, 1.13124, 1.774519, 1.811488, 0.060268, 0.0625]}
{"trace": [1.366, 1.7075, 0.2958, 0.5915, 0.0536, 0.0714], "boxes": 200, "depth": 17, "stack": 9, "swept": 0, "failed": 0, "box": [1.558123, 1.563459, 0.559158, 0.563779, 0.065848, 0.066406]}
{"done": 257, "of": 512, "seconds": 74, "boxes": 737, "swept": 0, "failed": 0}
{"done": 258, "of": 512, "seconds": 74, "boxes": 1, "swept": 0, "failed": 0}
{"done": 259, "of": 512, "seconds": 74, "boxes": 1, "swept": 0, "failed": 0}
{"trace": [1.366, 1.7075, 0.2958, 0.5915, 0.0714, 0.0893], "boxes": 200, "depth": 16, "stack": 9, "swept": 0, "failed": 0, "box": [1.563459, 1.568795, 0.573022, 0.582264, 0.084821, 0.085379]}
{"trace": [1.366, 1.7075, 0.2958, 0.5915, 0.0357, 0.0536], "boxes": 400, "depth": 11, "stack": 7, "swept": 0, "failed": 0, "box": [1.49409, 1.515434, 0.536053, 0.554537, 0.049107, 0.051339]}
{"trace": [1.366, 1.7075, 0.2958, 0.5915, 0.0, 0.0179], "boxes": 600, "depth": 6, "stack": 3, "swept": 0, "failed": 0, "box": [1.435146, 1.504266, 0.44363, 0.517568, 0.008929, 0.013393]}
{"done": 260, "of": 512, "seconds": 77, "boxes": 41, "swept": 0, "failed": 0}
{"trace": [1.0245, 1.366, 1.7745, 2.0703, 0.0714, 0.0893], "boxes": 600, "depth": 17, "stack": 7, "swept": 0, "failed": 0, "box": [1.168592, 1.173928, 1.797625, 1.802246, 0.075893, 0.076451]}
{"trace": [1.366, 1.7075, 0.2958, 0.5915, 0.0893, 0.1071], "boxes": 200, "depth": 9, "stack": 5, "swept": 0, "failed": 0, "box": [1.536779, 1.579467, 0.554537, 0.591506, 0.098214, 0.100446]}
{"done": 261, "of": 512, "seconds": 78, "boxes": 35, "swept": 0, "failed": 0}
{"trace": [1.0245, 1.366, 1.7745, 2.0703, 0.0893, 0.1071], "boxes": 600, "depth": 14, "stack": 3, "swept": 0, "failed": 0, "box": [1.152584, 1.163256, 1.774519, 1.783761, 0.090402, 0.091518]}
{"done": 262, "of": 512, "seconds": 80, "boxes": 35, "swept": 0, "failed": 0}
{"done": 263, "of": 512, "seconds": 81, "boxes": 633, "swept": 0, "failed": 0}
{"trace": [1.366, 1.7075, 0.2958, 0.5915, 0.0536, 0.0714], "boxes": 400, "depth": 14, "stack": 7, "swept": 0, "failed": 0, "box": [1.547451, 1.558123, 0.536053, 0.545295, 0.05692, 0.058036]}
{"done": 264, "of": 512, "seconds": 82, "boxes": 707, "swept": 0, "failed": 0}
{"done": 265, "of": 512, "seconds": 82, "boxes": 39, "swept": 0, "failed": 0}
{"done": 266, "of": 512, "seconds": 83, "boxes": 41, "swept": 0, "failed": 0}
{"trace": [1.366, 1.7075, 0.2958, 0.5915, 0.0, 0.0179], "boxes": 800, "depth": 19, "stack": 11, "swept": 0, "failed": 0, "box": [1.495626, 1.499946, 0.508326, 0.510636, 0.01144, 0.011719]}
{"trace": [1.366, 1.7075, 0.2958, 0.5915, 0.0357, 0.0536], "boxes": 600, "depth": 14, "stack": 7, "swept": 0, "failed": 0, "box": [1.504762, 1.515434, 0.52681, 0.536053, 0.03683, 0.037946]}
{"trace": [1.366, 1.7075, 0.2958, 0.5915, 0.0714, 0.0893], "boxes": 400, "depth": 16, "stack": 9, "swept": 0, "failed": 0, "box": [1.536779, 1.542115, 0.563779, 0.573022, 0.079799, 0.080357]}
{"trace": [1.0245, 1.366, 1.7745, 2.0703, 0.0179, 0.0357], "boxes": 400, "depth": 13, "stack": 5, "swept": 6, "failed": 0, "box": [1.167786, 1.182786, 1.832067, 1.841658, 0.027902, 0.02846]}
{"trace": [1.366, 1.7075, 0.2958, 0.5915, 0.0893, 0.1071], "boxes": 400, "depth": 13, "stack": 7, "swept": 0, "failed": 0, "box": [1.536779, 1.547451, 0.573022, 0.591506, 0.092634, 0.09375]}
{"done": 267, "of": 512, "seconds": 89, "boxes": 723, "swept": 0, "failed": 0}
{"done": 268, "of": 512, "seconds": 89, "boxes": 1, "swept": 0, "failed": 0}
{"done": 269, "of": 512, "seconds": 89, "boxes": 1, "swept": 0, "failed": 0}
{"done": 270, "of": 512, "seconds": 89, "boxes": 1, "swept": 0, "failed": 0}
{"done": 271, "of": 512, "seconds": 89, "boxes": 1, "swept": 0, "failed": 0}
{"done": 272, "of": 512, "seconds": 89, "boxes": 1, "swept": 0, "failed": 0}
{"done": 273, "of": 512, "seconds": 89, "boxes": 1, "swept": 0, "failed": 0}
{"done": 274, "of": 512, "seconds": 90, "boxes": 1, "swept": 0, "failed": 0}
{"done": 275, "of": 512, "seconds": 90, "boxes": 1, "swept": 0, "failed": 0}
{"done": 276, "of": 512, "seconds": 90, "boxes": 1, "swept": 0, "failed": 0}
{"done": 277, "of": 512, "seconds": 90, "boxes": 1, "swept": 0, "failed": 0}
{"trace": [1.366, 1.7075, 0.2958, 0.5915, 0.0536, 0.0714], "boxes": 600, "depth": 13, "stack": 7, "swept": 0, "failed": 0, "box": [1.515434, 1.526107, 0.536053, 0.554537, 0.054688, 0.055804]}
{"done": 278, "of": 512, "seconds": 90, "boxes": 1, "swept": 0, "failed": 0}
{"done": 279, "of": 512, "seconds": 90, "boxes": 1, "swept": 0, "failed": 0}
{"done": 280, "of": 512, "seconds": 90, "boxes": 1, "swept": 0, "failed": 0}
{"done": 281, "of": 512, "seconds": 90, "boxes": 1, "swept": 0, "failed": 0}
{"done": 282, "of": 512, "seconds": 90, "boxes": 1, "swept": 0, "failed": 0}
{"done": 283, "of": 512, "seconds": 90, "boxes": 1, "swept": 0, "failed": 0}
{"trace": [1.366, 1.7075, 0.2958, 0.5915, 0.0, 0.0179], "boxes": 1000, "depth": 19, "stack": 11, "swept": 0, "failed": 0, "box": [1.461066, 1.465386, 0.510636, 0.512947, 0.011719, 0.011998]}
{"trace": [1.366, 1.7075, 0.2958, 0.5915, 0.0714, 0.0893], "boxes": 600, "depth": 11, "stack": 5, "swept": 0, "failed": 0, "box": [1.536779, 1.558123, 0.573022, 0.591506, 0.071429, 0.073661]}
{"trace": [1.366, 1.7075, 0.5915, 0.8873, 0.1071, 0.125], "boxes": 200, "depth": 14, "stack": 7, "swept": 0, "failed": 0, "box": [1.568795, 1.579467, 0.600749, 0.609991, 0.11942, 0.120536]}
{"trace": [1.366, 1.7075, 0.5915, 0.8873, 0.0893, 0.1071], "boxes": 200, "depth": 5, "stack": 1, "swept": 0, "failed": 0, "box": [1.536779, 1.622155, 0.591506, 0.665445, 0.089286, 0.098214]}
{"done": 284, "of": 512, "seconds": 94, "boxes": 59, "swept": 0, "failed": 0}
{"trace": [1.366, 1.7075, 0.5915, 0.8873, 0.125, 0.1429], "boxes": 200, "depth": 14, "stack": 7, "swept": 0, "failed": 0, "box": [1.590139, 1.600811, 0.609991, 0.619233, 0.132812, 0.133929]}
{"done": 285, "of": 512, "seconds": 95, "boxes": 229, "swept": 0, "failed": 0}
{"done": 286, "of": 512, "seconds": 96, "boxes": 737, "swept": 0, "failed": 0}
{"trace": [1.366, 1.7075, 0.2958, 0.5915, 0.0893, 0.1071], "boxes": 600, "depth": 11, "stack": 7, "swept": 0, "failed": 0, "box": [1.515434, 1.536779, 0.554537, 0.573022, 0.091518, 0.09375]}
{"done": 287, "of": 512, "seconds": 97, "boxes": 633, "swept": 0, "failed": 0}
{"done": 288, "of": 512, "seconds": 97, "boxes": 707, "swept": 0, "failed": 0}
{"done": 289, "of": 512, "seconds": 98, "boxes": 59, "swept": 0, "failed": 0}
{"done": 290, "of": 512, "seconds": 98, "boxes": 877, "swept": 22, "failed": 0}
{"done": 291, "of": 512, "seconds": 101, "boxes": 329, "swept": 0, "failed": 0}
{"done": 292, "of": 512, "seconds": 103, "boxes": 123, "swept": 0, "failed": 0}
{"trace": [1.366, 1.7075, 0.5915, 0.8873, 0.1071, 0.125], "boxes": 400, "depth": 14, "stack": 5, "swept": 0, "failed": 0, "box": [1.579467, 1.590139, 0.600749, 0.609991, 0.110491, 0.111607]}
{"done": 293, "of": 512, "seconds": 104, "boxes": 141, "swept": 0, "failed": 0}
{"done": 294, "of": 512, "seconds": 107, "boxes": 125, "swept": 0, "failed": 0}
{"trace": [1.366, 1.7075, 0.2958, 0.5915, 0.0179, 0.0357], "boxes": 400, "depth": 16, "stack": 9, "swept": 7, "failed": 0, "box": [1.549265, 1.556765, 0.529164, 0.533959, 0.027344, 0.027902]}
{"done": 295, "of": 512, "seconds": 109, "boxes": 177, "swept": 0, "failed": 0}
{"done": 296, "of": 512, "seconds": 109, "boxes": 165, "swept": 0, "failed": 0}
{"done": 297, "of": 512, "seconds": 110, "boxes": 153, "swept": 0, "failed": 0}
{"done": 298, "of": 512, "seconds": 110, "boxes": 1, "swept": 0, "failed": 0}
{"done": 299, "of": 512, "seconds": 110, "boxes": 1, "swept": 0, "failed": 0}
{"done": 300, "of": 512, "seconds": 110, "boxes": 1, "swept": 0, "failed": 0}
{"done": 301, "of": 512, "seconds": 110, "boxes": 1, "swept": 0, "failed": 0}
{"done": 302, "of": 512, "seconds": 110, "boxes": 1, "swept": 0, "failed": 0}
{"done": 303, "of": 512, "seconds": 110, "boxes": 1, "swept": 0, "failed": 0}
{"done": 304, "of": 512, "seconds": 110, "boxes": 1, "swept": 0, "failed": 0}
{"done": 305, "of": 512, "seconds": 110, "boxes": 1, "swept": 0, "failed": 0}
{"done": 306, "of": 512, "seconds": 110, "boxes": 1, "swept": 0, "failed": 0}
{"done": 307, "of": 512, "seconds": 110, "boxes": 1, "swept": 0, "failed": 0}
{"done": 308, "of": 512, "seconds": 110, "boxes": 1, "swept": 0, "failed": 0}
{"done": 309, "of": 512, "seconds": 110, "boxes": 1, "swept": 0, "failed": 0}
{"done": 310, "of": 512, "seconds": 110, "boxes": 1, "swept": 0, "failed": 0}
{"done": 311, "of": 512, "seconds": 110, "boxes": 1, "swept": 0, "failed": 0}
{"done": 312, "of": 512, "seconds": 110, "boxes": 1, "swept": 0, "failed": 0}
{"done": 313, "of": 512, "seconds": 110, "boxes": 1, "swept": 0, "failed": 0}
{"done": 314, "of": 512, "seconds": 110, "boxes": 1, "swept": 0, "failed": 0}
{"done": 315, "of": 512, "seconds": 110, "boxes": 1, "swept": 0, "failed": 0}
{"done": 316, "of": 512, "seconds": 110, "boxes": 1, "swept": 0, "failed": 0}
{"done": 317, "of": 512, "seconds": 110, "boxes": 1, "swept": 0, "failed": 0}
{"done": 318, "of": 512, "seconds": 110, "boxes": 1, "swept": 0, "failed": 0}
{"done": 319, "of": 512, "seconds": 110, "boxes": 1, "swept": 0, "failed": 0}
{"done": 320, "of": 512, "seconds": 110, "boxes": 1, "swept": 0, "failed": 0}
{"done": 321, "of": 512, "seconds": 110, "boxes": 1, "swept": 0, "failed": 0}
{"done": 322, "of": 512, "seconds": 110, "boxes": 1, "swept": 0, "failed": 0}
{"done": 323, "of": 512, "seconds": 110, "boxes": 1, "swept": 0, "failed": 0}
{"done": 324, "of": 512, "seconds": 111, "boxes": 27, "swept": 0, "failed": 0}
{"trace": [1.366, 1.7075, 1.7745, 2.0703, 0.0, 0.0179], "boxes": 200, "depth": 12, "stack": 5, "swept": 0, "failed": 0, "box": [1.586086, 1.600809, 1.811488, 1.829973, 0.004464, 0.006696]}
{"done": 325, "of": 512, "seconds": 113, "boxes": 27, "swept": 0, "failed": 0}
{"trace": [1.366, 1.7075, 1.7745, 2.0703, 0.0179, 0.0357], "boxes": 200, "depth": 8, "stack": 3, "swept": 0, "failed": 0, "box": [1.582047, 1.644789, 1.811488, 1.848457, 0.017857, 0.022321]}
{"done": 326, "of": 512, "seconds": 114, "boxes": 27, "swept": 0, "failed": 0}
{"done": 327, "of": 512, "seconds": 115, "boxes": 593, "swept": 0, "failed": 0}
{"done": 328, "of": 512, "seconds": 116, "boxes": 27, "swept": 0, "failed": 0}
{"done": 329, "of": 512, "seconds": 116, "boxes": 19, "swept": 0, "failed": 0}
{"trace": [1.366, 1.7075, 1.7745, 2.0703, 0.0357, 0.0536], "boxes": 200, "depth": 16, "stack": 7, "swept": 0, "failed": 0, "box": [1.620546, 1.627237, 1.783761, 1.793004, 0.037388, 0.037946]}
{"done": 330, "of": 512, "seconds": 117, "boxes": 15, "swept": 0, "failed": 0}
{"done": 331, "of": 512, "seconds": 117, "boxes": 15, "swept": 0, "failed": 0}
{"done": 332, "of": 512, "seconds": 117, "boxes": 15, "swept": 0, "failed": 0}
{"trace": [1.366, 1.7075, 1.7745, 2.0703, 0.0536, 0.0714], "boxes": 200, "depth": 9, "stack": 3, "swept": 0, "failed": 0, "box": [1.559519, 1.589519, 1.774519, 1.811488, 0.064732, 0.066964]}
{"trace": [1.366, 1.7075, 1.7745, 2.0703, 0.0893, 0.1071], "boxes": 200, "depth": 3, "stack": 1, "swept": 0, "failed": 0, "box": [1.366025, 1.599372, 1.774519, 1.922396, 0.098214, 0.107143]}
{"trace": [1.366, 1.7075, 1.7745, 2.0703, 0.0714, 0.0893], "boxes": 200, "depth": 15, "stack": 5, "swept": 0, "failed": 0, "box": [1.585836, 1.594161, 1.793004, 1.802246, 0.078125, 0.078683]}
{"trace": [1.366, 1.7075, 1.7745, 2.0703, 0.0, 0.0179], "boxes": 400, "depth": 14, "stack": 5, "swept": 0, "failed": 0, "box": [1.505236, 1.51804, 1.85022, 1.85772, 0.013951, 0.014509]}
{"trace": [1.366, 1.7075, 1.7745, 2.0703, 0.0179, 0.0357], "boxes": 400, "depth": 18, "stack": 5, "swept": 0, "failed": 0, "box": [1.529186, 1.536324, 1.833035, 1.836785, 0.03125, 0.031529]}
{"trace": [1.366, 1.7075, 1.7745, 2.0703, 0.0357, 0.0536], "boxes": 400, "depth": 13, "stack": 7, "swept": 0, "failed": 0, "box": [1.55204, 1.570472, 1.830473, 1.845473, 0.047991, 0.049107]}
{"trace": [1.366, 1.7075, 1.7745, 2.0703, 0.0, 0.0179], "boxes": 600, "depth": 11, "stack": 5, "swept": 0, "failed": 0, "box": [1.520236, 1.535235, 1.85022, 1.880219, 0.00558, 0.006696]}
{"trace": [1.7075, 2.049, 0.8873, 1.183, 0.0179, 0.0357], "boxes": 200, "depth": 7, "stack": 3, "swept": 0, "failed": 0, "box": [1.878285, 1.920973, 1.035136, 1.109074, 0.026786, 0.03125]}
{"trace": [1.366, 1.7075, 1.7745, 2.0703, 0.0893, 0.1071], "boxes": 400, "depth": 8, "stack": 1, "swept": 0, "failed": 0, "box": [1.366025, 1.424362, 1.774519, 1.811488, 0.09375, 0.098214]}
{"done": 333, "of": 512, "seconds": 130, "boxes": 407, "swept": 0, "failed": 0}
{"trace": [1.366, 1.7075, 1.7745, 2.0703, 0.0536, 0.0714], "boxes": 400, "depth": 19, "stack": 7, "swept": 0, "failed": 0, "box": [1.562752, 1.563833, 1.811054, 1.817288, 0.057061, 0.057478]}
{"trace": [1.366, 1.7075, 1.7745, 2.0703, 0.0179, 0.0357], "boxes": 600, "depth": 13, "stack": 5, "swept": 0, "failed": 0, "box": [1.528119, 1.537048, 1.833035, 1.863034, 0.023438, 0.024554]}
{"trace": [1.366, 1.7075, 1.7745, 2.0703, 0.0714, 0.0893], "boxes": 400, "depth": 18, "stack": 5, "swept": 0, "failed": 0, "box": [1.582911, 1.586661, 1.797625, 1.802246, 0.072124, 0.072508]}
{"trace": [1.7075, 2.049, 0.8873, 1.183, 0.0179, 0.0357], "boxes": 400, "depth": 7, "stack": 3, "swept": 0, "failed": 0, "box": [1.878285, 1.920973, 1.035136, 1.109074, 0.022321, 0.026786]}
{"done": 334, "of": 512, "seconds": 142, "boxes": 423, "swept": 0, "failed": 0}
{"trace": [1.7075, 2.049, 0.8873, 1.183, 0.0357, 0.0536], "boxes": 200, "depth": 10, "stack": 5, "swept": 0, "failed": 0, "box": [1.899629, 1.920973, 1.109074, 1.146044, 0.044643, 0.046875]}
{"trace": [1.366, 1.7075, 1.7745, 2.0703, 0.0536, 0.0714], "boxes": 600, "depth": 13, "stack": 5, "swept": 0, "failed": 0, "box": [1.523239, 1.535332, 1.811488, 1.829973, 0.058036, 0.059152]}
{"trace": [1.366, 1.7075, 1.7745, 2.0703, 0.0714, 0.0893], "boxes": 600, "depth": 5, "stack": 1, "swept": 0, "failed": 0, "box": [1.366025, 1.472593, 1.848457, 1.922396, 0.071429, 0.080357]}
{"trace": [1.366, 1.7075, 1.7745, 2.0703, 0.0179, 0.0357], "boxes": 800, "depth": 12, "stack": 5, "swept": 0, "failed": 0, "box": [1.552048, 1.567047, 1.803777, 1.818406, 0.024554, 0.02567]}
{"done": 335, "of": 512, "seconds": 145, "boxes": 615, "swept": 0, "failed": 0}
{"done": 336, "of": 512, "seconds": 148, "boxes": 61, "swept": 0, "failed": 0}
{"done": 337, "of": 512, "seconds": 149, "boxes": 729, "swept": 0, "failed": 0}
{"done": 338, "of": 512, "seconds": 150, "boxes": 39, "swept": 0, "failed": 0}
{"done": 339, "of": 512, "seconds": 151, "boxes": 45, "swept": 0, "failed": 0}
{"done": 340, "of": 512, "seconds": 152, "boxes": 993, "swept": 0, "failed": 0}
{"done": 341, "of": 512, "seconds": 153, "boxes": 51, "swept": 0, "failed": 0}
{"trace": [1.7075, 2.049, 0.8873, 1.183, 0.0536, 0.0714], "boxes": 200, "depth": 3, "stack": 1, "swept": 0, "failed": 0, "box": [1.707532, 1.878285, 0.88726, 1.035136, 0.0625, 0.071429]}
{"trace": [1.7075, 2.049, 0.8873, 1.183, 0.0357, 0.0536], "boxes": 400, "depth": 15, "stack": 9, "swept": 0, "failed": 0, "box": [1.910301, 1.920973, 1.146044, 1.155286, 0.039621, 0.040179]}
{"done": 342, "of": 512, "seconds": 155, "boxes": 221, "swept": 0, "failed": 0}
{"trace": [1.7075, 2.049, 0.8873, 1.183, 0.0, 0.0179], "boxes": 200, "depth": 17, "stack": 11, "swept": 7, "failed": 0, "box": [1.926309, 1.931645, 1.169149, 1.17377, 0.013951, 0.014509]}
{"trace": [1.7075, 2.049, 1.183, 1.4788, 0.0, 0.0179], "boxes": 200, "depth": 8, "stack": 3, "swept": 0, "failed": 0, "box": [1.920973, 1.963662, 1.219982, 1.256951, 0.0, 0.004464]}
{"trace": [1.7075, 2.049, 1.183, 1.4788, 0.0179, 0.0357], "boxes": 200, "depth": 13, "stack": 5, "swept": 0, "failed": 0, "box": [1.942317, 1.952989, 1.201497, 1.219982, 0.020089, 0.021205]}
{"trace": [1.7075, 2.049, 1.183, 1.4788, 0.0357, 0.0536], "boxes": 200, "depth": 9, "stack": 3, "swept": 0, "failed": 0, "box": [1.920973, 1.963662, 1.183013, 1.219982, 0.037946, 0.040179]}
{"done": 343, "of": 512, "seconds": 164, "boxes": 227, "swept": 0, "failed": 0}
{"done": 344, "of": 512, "seconds": 164, "boxes": 223, "swept": 0, "failed": 0}
{"trace": [1.7075, 2.049, 1.183, 1.4788, 0.0536, 0.0714], "boxes": 200, "depth": 10, "stack": 3, "swept": 0, "failed": 0, "box": [1.920973, 1.942317, 1.183013, 1.219982, 0.055804, 0.058036]}
{"done": 345, "of": 512, "seconds": 166, "boxes": 213, "swept": 0, "failed": 0}
{"done": 346, "of": 512, "seconds": 172, "boxes": 131, "swept": 0, "failed": 0}
{"done": 347, "of": 512, "seconds": 173, "boxes": 177, "swept": 0, "failed": 0}
{"done": 348, "of": 512, "seconds": 174, "boxes": 19, "swept": 0, "failed": 0}
{"done": 349, "of": 512, "seconds": 175, "boxes": 11, "swept": 0, "failed": 0}
{"trace": [1.7075, 2.049, 1.183, 1.4788, 0.1071, 0.125], "boxes": 200, "depth": 13, "stack": 5, "swept": 0, "failed": 0, "box": [1.963662, 1.974334, 1.256951, 1.275436, 0.112723, 0.113839]}
{"done": 350, "of": 512, "seconds": 177, "boxes": 45, "swept": 0, "failed": 0}
{"trace": [1.0245, 1.366, 0.2958, 0.5915, 0.0357, 0.0536], "boxes": 600, "depth": 13, "stack": 9, "swept": 3, "failed": 0, "box": [1.161577, 1.183188, 0.535552, 0.550552, 0.044028, 0.044643]}
{"done": 351, "of": 512, "seconds": 180, "boxes": 49, "swept": 0, "failed": 0}
{"trace": [1.7075, 2.049, 1.183, 1.4788, 0.125, 0.1429], "boxes": 200, "depth": 8, "stack": 5, "swept": 0, "failed": 0, "box": [1.920973, 1.963662, 1.256951, 1.29392, 0.138393, 0.142857]}
{"done": 352, "of": 512, "seconds": 182, "boxes": 303, "swept": 0, "failed": 0}
{"done": 353, "of": 512, "seconds": 182, "boxes": 49, "swept": 0, "failed": 0}
{"done": 354, "of": 512, "seconds": 183, "boxes": 595, "swept": 3, "failed": 0}
{"done": 355, "of": 512, "seconds": 185, "boxes": 49, "swept": 0, "failed": 0}
{"done": 356, "of": 512, "seconds": 185, "boxes": 1, "swept": 0, "failed": 0}
{"done": 357, "of": 512, "seconds": 185, "boxes": 1, "swept": 0, "failed": 0}
{"done": 358, "of": 512, "seconds": 185, "boxes": 1, "swept": 0, "failed": 0}
{"done": 359, "of": 512, "seconds": 185, "boxes": 1, "swept": 0, "failed": 0}
{"done": 360, "of": 512, "seconds": 185, "boxes": 1, "swept": 0, "failed": 0}
{"done": 361, "of": 512, "seconds": 185, "boxes": 1, "swept": 0, "failed": 0}
{"done": 362, "of": 512, "seconds": 185, "boxes": 1, "swept": 0, "failed": 0}
{"done": 363, "of": 512, "seconds": 185, "boxes": 1, "swept": 0, "failed": 0}
{"done": 364, "of": 512, "seconds": 185, "boxes": 1, "swept": 0, "failed": 0}
{"done": 365, "of": 512, "seconds": 185, "boxes": 1, "swept": 0, "failed": 0}
{"done": 366, "of": 512, "seconds": 185, "boxes": 1, "swept": 0, "failed": 0}
{"done": 367, "of": 512, "seconds": 185, "boxes": 1, "swept": 0, "failed": 0}
{"done": 368, "of": 512, "seconds": 185, "boxes": 1, "swept": 0, "failed": 0}
{"done": 369, "of": 512, "seconds": 185, "boxes": 1, "swept": 0, "failed": 0}
{"done": 370, "of": 512, "seconds": 185, "boxes": 1, "swept": 0, "failed": 0}
{"done": 371, "of": 512, "seconds": 185, "boxes": 1, "swept": 0, "failed": 0}
{"done": 372, "of": 512, "seconds": 185, "boxes": 1, "swept": 0, "failed": 0}
{"done": 373, "of": 512, "seconds": 185, "boxes": 1, "swept": 0, "failed": 0}
{"done": 374, "of": 512, "seconds": 185, "boxes": 1, "swept": 0, "failed": 0}
{"done": 375, "of": 512, "seconds": 185, "boxes": 1, "swept": 0, "failed": 0}
{"done": 376, "of": 512, "seconds": 185, "boxes": 1, "swept": 0, "failed": 0}
{"done": 377, "of": 512, "seconds": 185, "boxes": 1, "swept": 0, "failed": 0}
{"done": 378, "of": 512, "seconds": 185, "boxes": 1, "swept": 0, "failed": 0}
{"done": 379, "of": 512, "seconds": 185, "boxes": 1, "swept": 0, "failed": 0}
{"done": 380, "of": 512, "seconds": 185, "boxes": 1, "swept": 0, "failed": 0}
{"done": 381, "of": 512, "seconds": 185, "boxes": 1, "swept": 0, "failed": 0}
{"done": 382, "of": 512, "seconds": 185, "boxes": 1, "swept": 0, "failed": 0}
{"done": 383, "of": 512, "seconds": 185, "boxes": 1, "swept": 0, "failed": 0}
{"done": 384, "of": 512, "seconds": 185, "boxes": 1, "swept": 0, "failed": 0}
{"done": 385, "of": 512, "seconds": 185, "boxes": 1, "swept": 0, "failed": 0}
{"done": 386, "of": 512, "seconds": 185, "boxes": 1, "swept": 0, "failed": 0}
{"done": 387, "of": 512, "seconds": 185, "boxes": 1, "swept": 0, "failed": 0}
{"done": 388, "of": 512, "seconds": 185, "boxes": 1, "swept": 0, "failed": 0}
{"done": 389, "of": 512, "seconds": 185, "boxes": 1, "swept": 0, "failed": 0}
{"done": 390, "of": 512, "seconds": 185, "boxes": 1, "swept": 0, "failed": 0}
{"done": 391, "of": 512, "seconds": 185, "boxes": 1, "swept": 0, "failed": 0}
{"done": 392, "of": 512, "seconds": 185, "boxes": 1, "swept": 0, "failed": 0}
{"done": 393, "of": 512, "seconds": 185, "boxes": 1, "swept": 0, "failed": 0}
{"done": 394, "of": 512, "seconds": 185, "boxes": 1, "swept": 0, "failed": 0}
{"done": 395, "of": 512, "seconds": 185, "boxes": 1, "swept": 0, "failed": 0}
{"done": 396, "of": 512, "seconds": 185, "boxes": 1, "swept": 0, "failed": 0}
{"done": 397, "of": 512, "seconds": 185, "boxes": 1, "swept": 0, "failed": 0}
{"done": 398, "of": 512, "seconds": 185, "boxes": 1, "swept": 0, "failed": 0}
{"done": 399, "of": 512, "seconds": 185, "boxes": 1, "swept": 0, "failed": 0}
{"done": 400, "of": 512, "seconds": 185, "boxes": 1, "swept": 0, "failed": 0}
{"done": 401, "of": 512, "seconds": 185, "boxes": 1, "swept": 0, "failed": 0}
{"done": 402, "of": 512, "seconds": 185, "boxes": 1, "swept": 0, "failed": 0}
{"done": 403, "of": 512, "seconds": 185, "boxes": 1, "swept": 0, "failed": 0}
{"done": 404, "of": 512, "seconds": 185, "boxes": 1, "swept": 0, "failed": 0}
{"done": 405, "of": 512, "seconds": 185, "boxes": 1, "swept": 0, "failed": 0}
{"done": 406, "of": 512, "seconds": 185, "boxes": 1, "swept": 0, "failed": 0}
{"done": 407, "of": 512, "seconds": 185, "boxes": 1, "swept": 0, "failed": 0}
{"done": 408, "of": 512, "seconds": 185, "boxes": 1, "swept": 0, "failed": 0}
{"done": 409, "of": 512, "seconds": 185, "boxes": 1, "swept": 0, "failed": 0}
{"done": 410, "of": 512, "seconds": 185, "boxes": 1, "swept": 0, "failed": 0}
{"done": 411, "of": 512, "seconds": 185, "boxes": 1, "swept": 0, "failed": 0}
{"done": 412, "of": 512, "seconds": 185, "boxes": 1, "swept": 0, "failed": 0}
{"done": 413, "of": 512, "seconds": 185, "boxes": 1, "swept": 0, "failed": 0}
{"done": 414, "of": 512, "seconds": 185, "boxes": 1, "swept": 0, "failed": 0}
{"done": 415, "of": 512, "seconds": 185, "boxes": 1, "swept": 0, "failed": 0}
{"done": 416, "of": 512, "seconds": 185, "boxes": 1, "swept": 0, "failed": 0}
{"done": 417, "of": 512, "seconds": 185, "boxes": 1, "swept": 0, "failed": 0}
{"done": 418, "of": 512, "seconds": 185, "boxes": 1, "swept": 0, "failed": 0}
{"done": 419, "of": 512, "seconds": 185, "boxes": 1, "swept": 0, "failed": 0}
{"done": 420, "of": 512, "seconds": 185, "boxes": 1, "swept": 0, "failed": 0}
{"done": 421, "of": 512, "seconds": 185, "boxes": 1, "swept": 0, "failed": 0}
{"done": 422, "of": 512, "seconds": 185, "boxes": 1, "swept": 0, "failed": 0}
{"done": 423, "of": 512, "seconds": 185, "boxes": 1, "swept": 0, "failed": 0}
{"done": 424, "of": 512, "seconds": 185, "boxes": 1, "swept": 0, "failed": 0}
{"done": 425, "of": 512, "seconds": 185, "boxes": 1, "swept": 0, "failed": 0}
{"done": 426, "of": 512, "seconds": 185, "boxes": 1, "swept": 0, "failed": 0}
{"done": 427, "of": 512, "seconds": 185, "boxes": 1, "swept": 0, "failed": 0}
{"done": 428, "of": 512, "seconds": 185, "boxes": 1, "swept": 0, "failed": 0}
{"done": 429, "of": 512, "seconds": 185, "boxes": 1, "swept": 0, "failed": 0}
{"done": 430, "of": 512, "seconds": 185, "boxes": 1, "swept": 0, "failed": 0}
{"done": 431, "of": 512, "seconds": 185, "boxes": 1, "swept": 0, "failed": 0}
{"done": 432, "of": 512, "seconds": 185, "boxes": 1, "swept": 0, "failed": 0}
{"done": 433, "of": 512, "seconds": 185, "boxes": 1, "swept": 0, "failed": 0}
{"done": 434, "of": 512, "seconds": 185, "boxes": 1, "swept": 0, "failed": 0}
{"done": 435, "of": 512, "seconds": 185, "boxes": 1, "swept": 0, "failed": 0}
{"done": 436, "of": 512, "seconds": 185, "boxes": 1, "swept": 0, "failed": 0}
{"done": 437, "of": 512, "seconds": 185, "boxes": 1, "swept": 0, "failed": 0}
{"done": 438, "of": 512, "seconds": 185, "boxes": 1, "swept": 0, "failed": 0}
{"done": 439, "of": 512, "seconds": 185, "boxes": 1, "swept": 0, "failed": 0}
{"done": 440, "of": 512, "seconds": 185, "boxes": 1, "swept": 0, "failed": 0}
{"done": 441, "of": 512, "seconds": 185, "boxes": 1, "swept": 0, "failed": 0}
{"done": 442, "of": 512, "seconds": 185, "boxes": 1, "swept": 0, "failed": 0}
{"done": 443, "of": 512, "seconds": 185, "boxes": 1, "swept": 0, "failed": 0}
{"done": 444, "of": 512, "seconds": 185, "boxes": 1, "swept": 0, "failed": 0}
{"done": 445, "of": 512, "seconds": 185, "boxes": 1, "swept": 0, "failed": 0}
{"done": 446, "of": 512, "seconds": 185, "boxes": 1, "swept": 0, "failed": 0}
{"done": 447, "of": 512, "seconds": 185, "boxes": 1, "swept": 0, "failed": 0}
{"done": 448, "of": 512, "seconds": 185, "boxes": 1, "swept": 0, "failed": 0}
{"done": 449, "of": 512, "seconds": 185, "boxes": 1, "swept": 0, "failed": 0}
{"done": 450, "of": 512, "seconds": 185, "boxes": 1, "swept": 0, "failed": 0}
{"done": 451, "of": 512, "seconds": 185, "boxes": 1, "swept": 0, "failed": 0}
{"done": 452, "of": 512, "seconds": 185, "boxes": 1, "swept": 0, "failed": 0}
{"done": 453, "of": 512, "seconds": 185, "boxes": 1, "swept": 0, "failed": 0}
{"done": 454, "of": 512, "seconds": 185, "boxes": 1, "swept": 0, "failed": 0}
{"done": 455, "of": 512, "seconds": 185, "boxes": 1, "swept": 0, "failed": 0}
{"done": 456, "of": 512, "seconds": 185, "boxes": 1, "swept": 0, "failed": 0}
{"done": 457, "of": 512, "seconds": 185, "boxes": 1, "swept": 0, "failed": 0}
{"done": 458, "of": 512, "seconds": 185, "boxes": 1, "swept": 0, "failed": 0}
{"done": 459, "of": 512, "seconds": 185, "boxes": 1, "swept": 0, "failed": 0}
{"done": 460, "of": 512, "seconds": 185, "boxes": 1, "swept": 0, "failed": 0}
{"done": 461, "of": 512, "seconds": 185, "boxes": 1, "swept": 0, "failed": 0}
{"done": 462, "of": 512, "seconds": 185, "boxes": 1, "swept": 0, "failed": 0}
{"done": 463, "of": 512, "seconds": 185, "boxes": 1, "swept": 0, "failed": 0}
{"done": 464, "of": 512, "seconds": 185, "boxes": 1, "swept": 0, "failed": 0}
{"done": 465, "of": 512, "seconds": 185, "boxes": 1, "swept": 0, "failed": 0}
{"done": 466, "of": 512, "seconds": 185, "boxes": 1, "swept": 0, "failed": 0}
{"done": 467, "of": 512, "seconds": 185, "boxes": 1, "swept": 0, "failed": 0}
{"done": 468, "of": 512, "seconds": 185, "boxes": 1, "swept": 0, "failed": 0}
{"done": 469, "of": 512, "seconds": 185, "boxes": 1, "swept": 0, "failed": 0}
{"done": 470, "of": 512, "seconds": 185, "boxes": 1, "swept": 0, "failed": 0}
{"done": 471, "of": 512, "seconds": 185, "boxes": 1, "swept": 0, "failed": 0}
{"done": 472, "of": 512, "seconds": 185, "boxes": 1, "swept": 0, "failed": 0}
{"done": 473, "of": 512, "seconds": 185, "boxes": 1, "swept": 0, "failed": 0}
{"done": 474, "of": 512, "seconds": 185, "boxes": 1, "swept": 0, "failed": 0}
{"done": 475, "of": 512, "seconds": 185, "boxes": 1, "swept": 0, "failed": 0}
{"done": 476, "of": 512, "seconds": 185, "boxes": 1, "swept": 0, "failed": 0}
{"done": 477, "of": 512, "seconds": 185, "boxes": 1, "swept": 0, "failed": 0}
{"done": 478, "of": 512, "seconds": 185, "boxes": 1, "swept": 0, "failed": 0}
{"done": 479, "of": 512, "seconds": 185, "boxes": 1, "swept": 0, "failed": 0}
{"done": 480, "of": 512, "seconds": 185, "boxes": 1, "swept": 0, "failed": 0}
{"done": 481, "of": 512, "seconds": 185, "boxes": 1, "swept": 0, "failed": 0}
{"done": 482, "of": 512, "seconds": 185, "boxes": 1, "swept": 0, "failed": 0}
{"done": 483, "of": 512, "seconds": 185, "boxes": 1, "swept": 0, "failed": 0}
{"done": 484, "of": 512, "seconds": 185, "boxes": 1, "swept": 0, "failed": 0}
{"done": 485, "of": 512, "seconds": 185, "boxes": 1, "swept": 0, "failed": 0}
{"done": 486, "of": 512, "seconds": 185, "boxes": 1, "swept": 0, "failed": 0}
{"done": 487, "of": 512, "seconds": 185, "boxes": 1, "swept": 0, "failed": 0}
{"done": 488, "of": 512, "seconds": 185, "boxes": 1, "swept": 0, "failed": 0}
{"done": 489, "of": 512, "seconds": 185, "boxes": 1, "swept": 0, "failed": 0}
{"done": 490, "of": 512, "seconds": 185, "boxes": 1, "swept": 0, "failed": 0}
{"done": 491, "of": 512, "seconds": 185, "boxes": 1, "swept": 0, "failed": 0}
{"done": 492, "of": 512, "seconds": 185, "boxes": 1, "swept": 0, "failed": 0}
{"done": 493, "of": 512, "seconds": 185, "boxes": 1, "swept": 0, "failed": 0}
{"done": 494, "of": 512, "seconds": 185, "boxes": 1, "swept": 0, "failed": 0}
{"done": 495, "of": 512, "seconds": 185, "boxes": 1, "swept": 0, "failed": 0}
{"done": 496, "of": 512, "seconds": 185, "boxes": 1, "swept": 0, "failed": 0}
{"done": 497, "of": 512, "seconds": 185, "boxes": 1, "swept": 0, "failed": 0}
{"done": 498, "of": 512, "seconds": 185, "boxes": 1, "swept": 0, "failed": 0}
{"done": 499, "of": 512, "seconds": 185, "boxes": 1, "swept": 0, "failed": 0}
{"trace": [1.7075, 2.049, 0.8873, 1.183, 0.0, 0.0179], "boxes": 400, "depth": 17, "stack": 9, "swept": 13, "failed": 0, "box": [1.931645, 1.936981, 1.164528, 1.169149, 0.011161, 0.011719]}
{"done": 500, "of": 512, "seconds": 189, "boxes": 117, "swept": 0, "failed": 0}
{"trace": [1.0245, 1.366, 0.2958, 0.5915, 0.0357, 0.0536], "boxes": 800, "depth": 6, "stack": 5, "swept": 3, "failed": 0, "box": [1.078049, 1.131578, 0.517568, 0.591506, 0.049107, 0.053571]}
{"trace": [1.7075, 2.049, 1.183, 1.4788, 0.125, 0.1429], "boxes": 400, "depth": 7, "stack": 1, "swept": 0, "failed": 0, "box": [1.878285, 1.920973, 1.183013, 1.256951, 0.125, 0.129464]}
{"done": 501, "of": 512, "seconds": 192, "boxes": 401, "swept": 0, "failed": 0}
{"trace": [1.7075, 2.049, 1.4788, 1.7745, 0.125, 0.1429], "boxes": 200, "depth": 12, "stack": 7, "swept": 0, "failed": 0, "box": [1.732598, 1.745132, 1.686287, 1.706169, 0.139509, 0.140625]}
{"done": 502, "of": 512, "seconds": 195, "boxes": 235, "swept": 0, "failed": 0}
{"trace": [1.0245, 1.366, 0.2958, 0.5915, 0.0357, 0.0536], "boxes": 1000, "depth": 13, "stack": 7, "swept": 3, "failed": 0, "box": [1.104813, 1.118196, 0.582264, 0.591506, 0.035714, 0.03683]}
{"done": 503, "of": 512, "seconds": 203, "boxes": 1017, "swept": 3, "failed": 0}
{"trace": [1.7075, 2.049, 0.8873, 1.183, 0.0, 0.0179], "boxes": 600, "depth": 18, "stack": 11, "swept": 14, "failed": 0, "box": [1.931645, 1.936981, 1.164528, 1.169149, 0.007533, 0.007812]}
{"trace": [1.0245, 1.366, 1.7745, 2.0703, 0.0, 0.0179], "boxes": 1000, "depth": 20, "stack": 9, "swept": 37, "failed": 0, "box": [1.232105, 1.236425, 1.853078, 1.855389, 0.010882, 0.011161]}
{"done": 504, "of": 512, "seconds": 207, "boxes": 357, "swept": 14, "failed": 0}
{"trace": [1.366, 1.7075, 0.2958, 0.5915, 0.0, 0.0179], "boxes": 1200, "depth": 21, "stack": 13, "swept": 20, "failed": 0, "box": [1.497786, 1.499946, 0.508326, 0.510636, 0.010463, 0.010603]}
{"trace": [1.0245, 1.366, 0.2958, 0.5915, 0.0, 0.0179], "boxes": 1400, "depth": 21, "stack": 13, "swept": 68, "failed": 0, "box": [1.348624, 1.352974, 0.501394, 0.503705, 0.003209, 0.003348]}
{"trace": [1.7075, 2.049, 0.8873, 1.183, 0.0, 0.0179], "boxes": 800, "depth": 20, "stack": 9, "swept": 22, "failed": 0, "box": [1.942317, 1.944985, 1.178392, 1.180702, 0.0, 0.000279]}
{"trace": [1.366, 1.7075, 1.7745, 2.0703, 0.0, 0.0179], "boxes": 800, "depth": 5, "stack": 3, "swept": 10, "failed": 0, "box": [1.505236, 1.565235, 1.774519, 1.85022, 0.013393, 0.017857]}
{"done": 505, "of": 512, "seconds": 231, "boxes": 877, "swept": 22, "failed": 0}
{"trace": [1.366, 1.7075, 1.7745, 2.0703, 0.0, 0.0179], "boxes": 1000, "depth": 12, "stack": 5, "swept": 10, "failed": 0, "box": [1.366025, 1.383427, 1.848457, 1.866942, 0.016741, 0.017857]}
{"trace": [1.366, 1.7075, 1.7745, 2.0703, 0.0, 0.0179], "boxes": 1200, "depth": 9, "stack": 5, "swept": 10, "failed": 0, "box": [1.470433, 1.505236, 1.848457, 1.885426, 0.006696, 0.008929]}
{"trace": [1.366, 1.7075, 1.7745, 2.0703, 0.0, 0.0179], "boxes": 1400, "depth": 16, "stack": 7, "swept": 10, "failed": 0, "box": [1.496535, 1.505236, 1.8577, 1.862321, 0.004464, 0.005022]}
{"trace": [1.366, 1.7075, 1.7745, 2.0703, 0.0357, 0.0536], "boxes": 600, "depth": 19, "stack": 7, "swept": 3, "failed": 0, "box": [1.547808, 1.548863, 1.822973, 1.830473, 0.043026, 0.043276]}
{"trace": [1.366, 1.7075, 1.7745, 2.0703, 0.0, 0.0179], "boxes": 1600, "depth": 19, "stack": 7, "swept": 10, "failed": 0, "box": [1.405178, 1.409529, 1.8577, 1.86001, 0.007812, 0.008092]}
{"trace": [1.0245, 1.366, 1.7745, 2.0703, 0.0179, 0.0357], "boxes": 600, "depth": 15, "stack": 7, "swept": 28, "failed": 0, "box": [1.175286, 1.182786, 1.841658, 1.846453, 0.022879, 0.023438]}
{"trace": [1.366, 1.7075, 1.7745, 2.0703, 0.0, 0.0179], "boxes": 1800, "depth": 19, "stack": 9, "swept": 10, "failed": 0, "box": [1.387777, 1.392127, 1.86001, 1.862321, 0.007533, 0.007812]}
{"trace": [1.366, 1.7075, 1.7745, 2.0703, 0.0357, 0.0536], "boxes": 800, "depth": 7, "stack": 3, "swept": 3, "failed": 0, "box": [1.540473, 1.600472, 1.774519, 1.815473, 0.046875, 0.049107]}
{"trace": [1.366, 1.7075, 1.7745, 2.0703, 0.0, 0.0179], "boxes": 2000, "depth": 15, "stack": 5, "swept": 10, "failed": 0, "box": [1.366025, 1.374726, 1.8577, 1.866942, 0.006138, 0.006696]}
{"trace": [1.366, 1.7075, 1.7745, 2.0703, 0.0357, 0.0536], "boxes": 1000, "depth": 15, "stack": 7, "swept": 3, "failed": 0, "box": [1.52957, 1.540473, 1.829973, 1.839215, 0.036272, 0.03683]}
{"done": 506, "of": 512, "seconds": 259, "boxes": 1019, "swept": 3, "failed": 0}
{"trace": [1.366, 1.7075, 1.7745, 2.0703, 0.0, 0.0179], "boxes": 2200, "depth": 18, "stack": 9, "swept": 10, "failed": 0, "box": [1.500886, 1.505236, 1.862321, 1.866942, 0.002232, 0.002511]}
{"trace": [1.366, 1.7075, 0.2958, 0.5915, 0.0179, 0.0357], "boxes": 600, "depth": 19, "stack": 9, "swept": 31, "failed": 0, "box": [1.549265, 1.553015, 0.52197, 0.524368, 0.022879, 0.023158]}
{"trace": [1.366, 1.7075, 1.7745, 2.0703, 0.0, 0.0179], "boxes": 2400, "depth": 19, "stack": 7, "swept": 15, "failed": 0, "box": [1.439981, 1.444331, 1.862321, 1.864631, 0.003348, 0.003627]}
{"trace": [1.366, 1.7075, 1.7745, 2.0703, 0.0, 0.0179], "boxes": 2600, "depth": 15, "stack": 7, "swept": 16, "failed": 0, "box": [1.496535, 1.505236, 1.8577, 1.866942, 0.001116, 0.001674]}
{"trace": [1.0245, 1.366, 1.7745, 2.0703, 0.0179, 0.0357], "boxes": 800, "depth": 11, "stack": 3, "swept": 38, "failed": 0, "box": [1.167786, 1.182786, 1.832067, 1.851249, 0.017857, 0.018973]}
{"done": 507, "of": 512, "seconds": 315, "boxes": 907, "swept": 38, "failed": 0}
{"trace": [1.0245, 1.366, 0.2958, 0.5915, 0.0, 0.0179], "boxes": 1600, "depth": 19, "stack": 11, "swept": 106, "failed": 0, "box": [1.322522, 1.326872, 0.499083, 0.503705, 0.003627, 0.003906]}
{"trace": [1.366, 1.7075, 0.2958, 0.5915, 0.0179, 0.0357], "boxes": 800, "depth": 6, "stack": 5, "swept": 38, "failed": 0, "box": [1.435146, 1.504266, 0.517568, 0.591506, 0.03125, 0.035714]}
{"done": 508, "of": 512, "seconds": 327, "boxes": 909, "swept": 38, "failed": 0}
{"trace": [1.0245, 1.366, 1.7745, 2.0703, 0.0, 0.0179], "boxes": 1200, "depth": 20, "stack": 11, "swept": 80, "failed": 0, "box": [1.348745, 1.353065, 1.8577, 1.86001, 0.008092, 0.008371]}
{"trace": [1.0245, 1.366, 1.7745, 2.0703, 0.0, 0.0179], "boxes": 1400, "depth": 17, "stack": 9, "swept": 80, "failed": 0, "box": [1.331465, 1.340105, 1.862321, 1.866942, 0.006696, 0.007254]}
{"trace": [1.0245, 1.366, 1.7745, 2.0703, 0.0, 0.0179], "boxes": 1600, "depth": 20, "stack": 9, "swept": 80, "failed": 0, "box": [1.322825, 1.327145, 1.8577, 1.86001, 0.006696, 0.006975]}
{"trace": [1.0245, 1.366, 1.7745, 2.0703, 0.0, 0.0179], "boxes": 1800, "depth": 21, "stack": 11, "swept": 83, "failed": 0, "box": [1.331465, 1.335785, 1.86001, 1.862321, 0.005999, 0.006138]}
{"trace": [1.366, 1.7075, 0.2958, 0.5915, 0.0, 0.0179], "boxes": 1400, "depth": 13, "stack": 7, "swept": 77, "failed": 0, "box": [1.469706, 1.486986, 0.508326, 0.517568, 0.008929, 0.010045]}
{"trace": [1.0245, 1.366, 0.2958, 0.5915, 0.0, 0.0179], "boxes": 1800, "depth": 20, "stack": 11, "swept": 160, "failed": 0, "box": [1.318171, 1.322522, 0.501394, 0.503705, 0.00279, 0.003069]}
{"trace": [1.366, 1.7075, 0.2958, 0.5915, 0.0, 0.0179], "boxes": 1600, "depth": 19, "stack": 13, "swept": 92, "failed": 0, "box": [1.495626, 1.499946, 0.506015, 0.508326, 0.008092, 0.008371]}
{"trace": [1.0245, 1.366, 0.2958, 0.5915, 0.0, 0.0179], "boxes": 2000, "depth": 20, "stack": 11, "swept": 172, "failed": 0, "box": [1.352974, 1.357325, 0.499083, 0.501394, 0.001395, 0.001674]}
{"trace": [1.366, 1.7075, 1.7745, 2.0703, 0.0, 0.0179], "boxes": 2800, "depth": 20, "stack": 11, "swept": 66, "failed": 0, "box": [1.500886, 1.505236, 1.864631, 1.866942, 0.000837, 0.000977]}
{"trace": [1.0245, 1.366, 1.7745, 2.0703, 0.0, 0.0179], "boxes": 2000, "depth": 20, "stack": 11, "swept": 110, "failed": 0, "box": [1.309865, 1.314185, 1.86001, 1.862321, 0.005859, 0.006138]}
{"trace": [1.366, 1.7075, 0.2958, 0.5915, 0.0, 0.0179], "boxes": 1800, "depth": 16, "stack": 11, "swept": 160, "failed": 0, "box": [1.495626, 1.504266, 0.503705, 0.508326, 0.007254, 0.007812]}
{"trace": [1.366, 1.7075, 0.2958, 0.5915, 0.0, 0.0179], "boxes": 2000, "depth": 15, "stack": 7, "swept": 206, "failed": 0, "box": [1.469706, 1.478346, 0.499083, 0.508326, 0.006696, 0.007254]}
{"trace": [1.366, 1.7075, 0.2958, 0.5915, 0.0, 0.0179], "boxes": 2200, "depth": 17, "stack": 9, "swept": 251, "failed": 0, "box": [1.443786, 1.452426, 0.503705, 0.508326, 0.007812, 0.008092]}
{"trace": [1.366, 1.7075, 0.2958, 0.5915, 0.0, 0.0179], "boxes": 2400, "depth": 17, "stack": 11, "swept": 251, "failed": 0, "box": [1.486986, 1.495626, 0.503705, 0.508326, 0.006417, 0.006696]}
{"trace": [1.0245, 1.366, 1.7745, 2.0703, 0.0, 0.0179], "boxes": 2200, "depth": 20, "stack": 11, "swept": 157, "failed": 0, "box": [1.288265, 1.292585, 1.8577, 1.86001, 0.008092, 0.008371]}
{"trace": [1.0245, 1.366, 0.2958, 0.5915, 0.0, 0.0179], "boxes": 2200, "depth": 21, "stack": 11, "swept": 226, "failed": 0, "box": [1.352974, 1.357325, 0.499083, 0.501394, 0.000837, 0.000977]}
{"trace": [1.0245, 1.366, 1.7745, 2.0703, 0.0, 0.0179], "boxes": 2400, "depth": 20, "stack": 11, "swept": 195, "failed": 0, "box": [1.288265, 1.292585, 1.86001, 1.862321, 0.006975, 0.007254]}
{"trace": [1.0245, 1.366, 1.7745, 2.0703, 0.0, 0.0179], "boxes": 2600, "depth": 19, "stack": 9, "swept": 223, "failed": 0, "box": [1.245065, 1.249385, 1.8577, 1.862321, 0.008092, 0.008371]}
{"trace": [1.366, 1.7075, 0.2958, 0.5915, 0.0, 0.0179], "boxes": 2600, "depth": 18, "stack": 9, "swept": 307, "failed": 0, "box": [1.474026, 1.478346, 0.503705, 0.508326, 0.00558, 0.005859]}
{"trace": [1.0245, 1.366, 1.7745, 2.0703, 0.0, 0.0179], "boxes": 2800, "depth": 20, "stack": 9, "swept": 284, "failed": 0, "box": [1.245065, 1.249385, 1.8577, 1.86001, 0.007533, 0.007812]}
{"trace": [1.366, 1.7075, 1.7745, 2.0703, 0.0, 0.0179], "boxes": 3000, "depth": 19, "stack": 7, "swept": 144, "failed": 0, "box": [1.479134, 1.483484, 1.862321, 1.864631, 0.000558, 0.000837]}
{"trace": [1.0245, 1.366, 1.7745, 2.0703, 0.0, 0.0179], "boxes": 3000, "depth": 20, "stack": 11, "swept": 321, "failed": 0, "box": [1.288265, 1.292585, 1.86001, 1.862321, 0.006138, 0.006417]}
{"trace": [1.366, 1.7075, 0.2958, 0.5915, 0.0, 0.0179], "boxes": 2800, "depth": 21, "stack": 11, "swept": 377, "failed": 0, "box": [1.482666, 1.484826, 0.503705, 0.506015, 0.005301, 0.005441]}
{"trace": [1.366, 1.7075, 1.7745, 2.0703, 0.0, 0.0179], "boxes": 3200, "depth": 21, "stack": 9, "swept": 201, "failed": 0, "box": [1.461733, 1.463908, 1.864631, 1.866942, 0.001256, 0.001395]}
{"trace": [1.0245, 1.366, 1.7745, 2.0703, 0.0, 0.0179], "boxes": 3200, "depth": 21, "stack": 9, "swept": 375, "failed": 0, "box": [1.262345, 1.266665, 1.86001, 1.862321, 0.005859, 0.005999]}
{"trace": [1.366, 1.7075, 0.2958, 0.5915, 0.0, 0.0179], "boxes": 3000, "depth": 18, "stack": 9, "swept": 434, "failed": 0, "box": [1.461066, 1.465386, 0.503705, 0.508326, 0.00558, 0.005859]}
{"trace": [1.366, 1.7075, 1.7745, 2.0703, 0.0, 0.0179], "boxes": 3400, "depth": 19, "stack": 7, "swept": 256, "failed": 0, "box": [1.461733, 1.466083, 1.862321, 1.864631, 0.000558, 0.000837]}
{"trace": [1.0245, 1.366, 1.7745, 2.0703, 0.0, 0.0179], "boxes": 3400, "depth": 20, "stack": 9, "swept": 439, "failed": 0, "box": [1.266665, 1.270985, 1.86001, 1.862321, 0.004743, 0.005022]}
{"trace": [1.0245, 1.366, 0.2958, 0.5915, 0.0, 0.0179], "boxes": 2400, "depth": 15, "stack": 7, "swept": 304, "failed": 0, "box": [1.331223, 1.348624, 0.499083, 0.508326, 0.0, 0.000558]}
{"trace": [1.0245, 1.366, 1.7745, 2.0703, 0.0, 0.0179], "boxes": 3600, "depth": 18, "stack": 7, "swept": 483, "failed": 0, "box": [1.236425, 1.245065, 1.8577, 1.862321, 0.00558, 0.005859]}
{"trace": [1.366, 1.7075, 0.2958, 0.5915, 0.0, 0.0179], "boxes": 3200, "depth": 19, "stack": 11, "swept": 494, "failed": 0, "box": [1.465386, 1.469706, 0.506015, 0.508326, 0.005022, 0.005301]}
{"trace": [1.366, 1.7075, 0.2958, 0.5915, 0.0, 0.0179], "boxes": 3400, "depth": 15, "stack": 9, "swept": 544, "failed": 0, "box": [1.426506, 1.435146, 0.499083, 0.508326, 0.007812, 0.008371]}
{"trace": [1.366, 1.7075, 0.2958, 0.5915, 0.0, 0.0179], "boxes": 3600, "depth": 18, "stack": 9, "swept": 544, "failed": 0, "box": [1.404906, 1.409226, 0.503705, 0.508326, 0.007254, 0.007533]}
{"trace": [1.366, 1.7075, 0.2958, 0.5915, 0.0, 0.0179], "boxes": 3800, "depth": 18, "stack": 9, "swept": 544, "failed": 0, "box": [1.387625, 1.391946, 0.503705, 0.508326, 0.007254, 0.007533]}
{"trace": [1.366, 1.7075, 1.7745, 2.0703, 0.0, 0.0179], "boxes": 3600, "depth": 21, "stack": 7, "swept": 331, "failed": 0, "box": [1.439981, 1.442156, 1.864631, 1.866942, 0.000558, 0.000698]}
{"trace": [1.0245, 1.366, 1.7745, 2.0703, 0.0, 0.0179], "boxes": 3800, "depth": 21, "stack": 7, "swept": 555, "failed": 0, "box": [1.245065, 1.249385, 1.86001, 1.862321, 0.004464, 0.004604]}
{"trace": [1.366, 1.7075, 0.2958, 0.5915, 0.0, 0.0179], "boxes": 4000, "depth": 15, "stack": 7, "swept": 560, "failed": 0, "box": [1.417866, 1.426506, 0.499083, 0.508326, 0.00558, 0.006138]}
{"trace": [1.0245, 1.366, 0.2958, 0.5915, 0.0, 0.0179], "boxes": 2600, "depth": 13, "stack": 7, "swept": 360, "failed": 0, "box": [1.29642, 1.313821, 0.499083, 0.517568, 0.001116, 0.002232]}
{"trace": [1.0245, 1.366, 1.7745, 2.0703, 0.0, 0.0179], "boxes": 4000, "depth": 21, "stack": 13, "swept": 616, "failed": 0, "box": [1.357385, 1.361705, 1.862321, 1.864631, 0.003767, 0.003906]}
{"trace": [1.366, 1.7075, 1.7745, 2.0703, 0.0, 0.0179], "boxes": 3800, "depth": 18, "stack": 9, "swept": 389, "failed": 0, "box": [1.413879, 1.418229, 1.862321, 1.866942, 0.003627, 0.003906]}
{"trace": [1.366, 1.7075, 0.2958, 0.5915, 0.0, 0.0179], "boxes": 4200, "depth": 15, "stack": 7, "swept": 608, "failed": 0, "box": [1.409226, 1.417866, 0.499083, 0.508326, 0.005022, 0.00558]}
{"trace": [1.366, 1.7075, 0.2958, 0.5915, 0.0, 0.0179], "boxes": 4400, "depth": 21, "stack": 11, "swept": 617, "failed": 0, "box": [1.495626, 1.497786, 0.501394, 0.503705, 0.003627, 0.003767]}
{"trace": [1.366, 1.7075, 1.7745, 2.0703, 0.0, 0.0179], "boxes": 4000, "depth": 19, "stack": 7, "swept": 424, "failed": 0, "box": [1.400828, 1.405178, 1.864631, 1.866942, 0.00279, 0.003069]}
{"trace": [1.366, 1.7075, 0.2958, 0.5915, 0.0, 0.0179], "boxes": 4600, "depth": 21, "stack": 11, "swept": 681, "failed": 0, "box": [1.491306, 1.493466, 0.501394, 0.503705, 0.003069, 0.003209]}
{"trace": [1.366, 1.7075, 1.7745, 2.0703, 0.0, 0.0179], "boxes": 4200, "depth": 21, "stack": 7, "swept": 466, "failed": 0, "box": [1.372551, 1.374726, 1.862321, 1.864631, 0.003348, 0.003488]}
{"trace": [1.0245, 1.366, 1.7745, 2.0703, 0.0, 0.0179], "boxes": 4200, "depth": 22, "stack": 13, "swept": 679, "failed": 0, "box": [1.353065, 1.355225, 1.862321, 1.864631, 0.003209, 0.003348]}
{"trace": [1.0245, 1.366, 0.2958, 0.5915, 0.0, 0.0179], "boxes": 2800, "depth": 15, "stack": 7, "swept": 416, "failed": 0, "box": [1.313821, 1.331223, 0.499083, 0.508326, 0.0, 0.000558]}
{"trace": [1.366, 1.7075, 1.7745, 2.0703, 0.0, 0.0179], "boxes": 4400, "depth": 19, "stack": 5, "swept": 522, "failed": 0, "box": [1.366025, 1.370376, 1.862321, 1.864631, 0.00279, 0.003069]}
{"trace": [1.0245, 1.366, 1.7745, 2.0703, 0.0, 0.0179], "boxes": 4400, "depth": 20, "stack": 9, "swept": 744, "failed": 0, "box": [1.340105, 1.344425, 1.862321, 1.864631, 0.002232, 0.002511]}
{"trace": [1.366, 1.7075, 0.2958, 0.5915, 0.0, 0.0179], "boxes": 4800, "depth": 15, "stack": 7, "swept": 758, "failed": 0, "box": [1.478346, 1.486986, 0.499083, 0.508326, 0.002232, 0.00279]}
{"trace": [1.366, 1.7075, 1.7745, 2.0703, 0.0, 0.0179], "boxes": 4600, "depth": 19, "stack": 7, "swept": 552, "failed": 0, "box": [1.400828, 1.405178, 1.864631, 1.866942, 0.001674, 0.001953]}
{"trace": [1.366, 1.7075, 0.2958, 0.5915, 0.0, 0.0179], "boxes": 5000, "depth": 17, "stack": 7, "swept": 818, "failed": 0, "box": [1.443786, 1.452426, 0.499083, 0.503705, 0.003348, 0.003627]}
{"trace": [1.0245, 1.366, 1.7745, 2.0703, 0.0, 0.0179], "boxes": 4600, "depth": 20, "stack": 9, "swept": 798, "failed": 0, "box": [1.296905, 1.301225, 1.864631, 1.866942, 0.003348, 0.003627]}
{"trace": [1.366, 1.7075, 0.2958, 0.5915, 0.0, 0.0179], "boxes": 5200, "depth": 20, "stack": 9, "swept": 890, "failed": 0, "box": [1.452426, 1.456746, 0.501394, 0.503705, 0.002651, 0.00279]}
{"trace": [1.0245, 1.366, 1.7745, 2.0703, 0.0, 0.0179], "boxes": 4800, "depth": 20, "stack": 11, "swept": 867, "failed": 0, "box": [1.309865, 1.314185, 1.864631, 1.866942, 0.00279, 0.003069]}
{"trace": [1.366, 1.7075, 1.7745, 2.0703, 0.0, 0.0179], "boxes": 4800, "depth": 21, "stack": 9, "swept": 620, "failed": 0, "box": [1.429105, 1.43128, 1.864631, 1.866942, 0.00014, 0.000279]}
{"trace": [1.0245, 1.366, 0.2958, 0.5915, 0.0, 0.0179], "boxes": 3000, "depth": 22, "stack": 9, "swept": 490, "failed": 0, "box": [1.311646, 1.313821, 0.499083, 0.501394, 0.0, 0.00014]}
{"trace": [1.366, 1.7075, 0.2958, 0.5915, 0.0, 0.0179], "boxes": 5400, "depth": 12, "stack": 7, "swept": 966, "failed": 0, "box": [1.486986, 1.504266, 0.499083, 0.517568, 0.001116, 0.002232]}
{"trace": [1.0245, 1.366, 1.7745, 2.0703, 0.0, 0.0179], "boxes": 5000, "depth": 22, "stack": 13, "swept": 925, "failed": 0, "box": [1.359545, 1.361705, 1.864631, 1.866942, 0.001395, 0.001535]}
{"trace": [1.0245, 1.366, 0.2958, 0.5915, 0.0, 0.0179], "boxes": 3200, "depth": 18, "stack": 9, "swept": 518, "failed": 0, "box": [1.279018, 1.287719, 0.499083, 0.503705, 0.00279, 0.003069]}
{"trace": [1.0245, 1.366, 0.2958, 0.5915, 0.0, 0.0179], "boxes": 3400, "depth": 20, "stack": 9, "swept": 518, "failed": 0, "box": [1.226814, 1.231164, 0.501394, 0.503705, 0.003627, 0.003906]}
{"trace": [1.0245, 1.366, 0.2958, 0.5915, 0.0, 0.0179], "boxes": 3600, "depth": 16, "stack": 9, "swept": 518, "failed": 0, "box": [1.287719, 1.29642, 0.499083, 0.508326, 0.001116, 0.001674]}
{"trace": [1.366, 1.7075, 0.2958, 0.5915, 0.0, 0.0179], "boxes": 5600, "depth": 21, "stack": 11, "swept": 1034, "failed": 0, "box": [1.480506, 1.482666, 0.501394, 0.503705, 0.001814, 0.001953]}
{"trace": [1.0245, 1.366, 1.7745, 2.0703, 0.0, 0.0179], "boxes": 5200, "depth": 19, "stack": 11, "swept": 979, "failed": 0, "box": [1.361705, 1.366025, 1.862321, 1.866942, 0.000558, 0.000837]}
{"trace": [1.0245, 1.366, 0.2958, 0.5915, 0.0, 0.0179], "boxes": 3800, "depth": 22, "stack": 13, "swept": 566, "failed": 0, "box": [1.294245, 1.29642, 0.499083, 0.501394, 0.000977, 0.001116]}
{"trace": [1.366, 1.7075, 1.7745, 2.0703, 0.0, 0.0179], "boxes": 5000, "depth": 20, "stack": 7, "swept": 696, "failed": 0, "box": [1.405178, 1.409529, 1.864631, 1.866942, 0.00014, 0.000279]}
{"trace": [1.366, 1.7075, 0.2958, 0.5915, 0.0, 0.0179], "boxes": 5800, "depth": 16, "stack": 7, "swept": 1100, "failed": 0, "box": [1.495626, 1.504266, 0.499083, 0.503705, 0.0, 0.000558]}
{"trace": [1.0245, 1.366, 0.2958, 0.5915, 0.0, 0.0179], "boxes": 4000, "depth": 22, "stack": 9, "swept": 644, "failed": 0, "box": [1.272493, 1.274668, 0.499083, 0.501394, 0.000558, 0.000698]}
{"trace": [1.366, 1.7075, 1.7745, 2.0703, 0.0, 0.0179], "boxes": 5200, "depth": 18, "stack": 5, "swept": 736, "failed": 0, "box": [1.374726, 1.379076, 1.862321, 1.866942, 0.001116, 0.001395]}
{"trace": [1.0245, 1.366, 0.2958, 0.5915, 0.0, 0.0179], "boxes": 4200, "depth": 21, "stack": 9, "swept": 702, "failed": 0, "box": [1.252916, 1.257266, 0.499083, 0.501394, 0.001256, 0.001395]}
{"trace": [1.0245, 1.366, 1.7745, 2.0703, 0.0, 0.0179], "boxes": 5400, "depth": 19, "stack": 9, "swept": 1055, "failed": 0, "box": [1.331465, 1.335785, 1.862321, 1.866942, 0.000837, 0.001116]}
{"trace": [1.366, 1.7075, 0.2958, 0.5915, 0.0, 0.0179], "boxes": 6000, "depth": 19, "stack": 7, "swept": 1176, "failed": 0, "box": [1.478346, 1.482666, 0.501394, 0.503705, 0.0, 0.000279]}
{"trace": [1.0245, 1.366, 0.2958, 0.5915, 0.0, 0.0179], "boxes": 4400, "depth": 22, "stack": 9, "swept": 756, "failed": 0, "box": [1.255091, 1.257266, 0.499083, 0.501394, 0.000558, 0.000698]}
{"trace": [1.366, 1.7075, 1.7745, 2.0703, 0.0, 0.0179], "boxes": 5400, "depth": 20, "stack": 7, "swept": 808, "failed": 0, "box": [1.387777, 1.392127, 1.864631, 1.866942, 0.00014, 0.000279]}
{"trace": [1.366, 1.7075, 0.2958, 0.5915, 0.0, 0.0179], "boxes": 6200, "depth": 19, "stack": 9, "swept": 1234, "failed": 0, "box": [1.448106, 1.452426, 0.499083, 0.501394, 0.001953, 0.002232]}
{"trace": [1.0245, 1.366, 1.7745, 2.0703, 0.0, 0.0179], "boxes": 5600, "depth": 22, "stack": 11, "swept": 1112, "failed": 0, "box": [1.318505, 1.320665, 1.864631, 1.866942, 0.001395, 0.001535]}
{"trace": [1.0245, 1.366, 0.2958, 0.5915, 0.0, 0.0179], "boxes": 4600, "depth": 21, "stack": 7, "swept": 832, "failed": 0, "box": [1.231164, 1.235515, 0.499083, 0.501394, 0.000558, 0.000698]}
{"trace": [1.0245, 1.366, 0.2958, 0.5915, 0.0, 0.0179], "boxes": 4800, "depth": 9, "stack": 7, "swept": 870, "failed": 0, "box": [1.212011, 1.226814, 0.455806, 0.515805, 0.015625, 0.017857]}
{"trace": [1.0245, 1.366, 0.2958, 0.5915, 0.0, 0.0179], "boxes": 5000, "depth": 15, "stack": 11, "swept": 870, "failed": 0, "box": [1.211814, 1.219963, 0.508305, 0.515805, 0.008371, 0.008929]}
{"trace": [1.366, 1.7075, 0.2958, 0.5915, 0.0, 0.0179], "boxes": 6400, "depth": 21, "stack": 7, "swept": 1293, "failed": 0, "box": [1.454586, 1.456746, 0.499083, 0.501394, 0.000558, 0.000698]}
{"trace": [1.0245, 1.366, 0.2958, 0.5915, 0.0, 0.0179], "boxes": 5200, "depth": 10, "stack": 5, "swept": 877, "failed": 0, "box": [1.196814, 1.226814, 0.485806, 0.515805, 0.002232, 0.003348]}
{"trace": [1.0245, 1.366, 0.2958, 0.5915, 0.0, 0.0179], "boxes": 5400, "depth": 14, "stack": 9, "swept": 880, "failed": 0, "box": [1.145964, 1.156389, 0.545295, 0.554537, 0.010045, 0.011161]}
{"done": 509, "of": 512, "seconds": 5177, "boxes": 5587, "swept": 880, "failed": 0}
{"trace": [1.0245, 1.366, 1.7745, 2.0703, 0.0, 0.0179], "boxes": 5800, "depth": 19, "stack": 9, "swept": 1167, "failed": 0, "box": [1.314185, 1.318505, 1.862321, 1.866942, 0.000837, 0.001116]}
{"done": 510, "of": 512, "seconds": 5363, "boxes": 5587, "swept": 880, "failed": 0}
{"trace": [1.366, 1.7075, 0.2958, 0.5915, 0.0, 0.0179], "boxes": 6600, "depth": 21, "stack": 7, "swept": 1368, "failed": 0, "box": [1.448106, 1.450266, 0.499083, 0.501394, 0.00014, 0.000279]}
{"trace": [1.366, 1.7075, 0.2958, 0.5915, 0.0, 0.0179], "boxes": 6800, "depth": 19, "stack": 9, "swept": 1427, "failed": 0, "box": [1.404906, 1.409226, 0.501394, 0.503705, 0.003627, 0.003906]}
{"trace": [1.0245, 1.366, 1.7745, 2.0703, 0.0, 0.0179], "boxes": 6000, "depth": 17, "stack": 7, "swept": 1243, "failed": 0, "box": [1.305545, 1.314185, 1.862321, 1.866942, 0.0, 0.000558]}
{"trace": [1.366, 1.7075, 0.2958, 0.5915, 0.0, 0.0179], "boxes": 7000, "depth": 21, "stack": 7, "swept": 1502, "failed": 0, "box": [1.417866, 1.420026, 0.501394, 0.503705, 0.002232, 0.002372]}
{"trace": [1.366, 1.7075, 0.2958, 0.5915, 0.0, 0.0179], "boxes": 7200, "depth": 19, "stack": 9, "swept": 1564, "failed": 0, "box": [1.396266, 1.400586, 0.501394, 0.503705, 0.003348, 0.003627]}
{"trace": [1.0245, 1.366, 1.7745, 2.0703, 0.0, 0.0179], "boxes": 6200, "depth": 22, "stack": 11, "swept": 1301, "failed": 0, "box": [1.273145, 1.275305, 1.862321, 1.864631, 0.003627, 0.003767]}
{"trace": [1.0245, 1.366, 1.7745, 2.0703, 0.0, 0.0179], "boxes": 6400, "depth": 19, "stack": 9, "swept": 1375, "failed": 0, "box": [1.279625, 1.283945, 1.862321, 1.866942, 0.002511, 0.00279]}
{"trace": [1.366, 1.7075, 0.2958, 0.5915, 0.0, 0.0179], "boxes": 7400, "depth": 20, "stack": 9, "swept": 1628, "failed": 0, "box": [1.383305, 1.387625, 0.501394, 0.503705, 0.003209, 0.003348]}
{"trace": [1.0245, 1.366, 1.7745, 2.0703, 0.0, 0.0179], "boxes": 6600, "depth": 11, "stack": 5, "swept": 1451, "failed": 0, "box": [1.227785, 1.262345, 1.866942, 1.885426, 0.002232, 0.004464]}
{"trace": [1.366, 1.7075, 0.2958, 0.5915, 0.0, 0.0179], "boxes": 7600, "depth": 18, "stack": 5, "swept": 1696, "failed": 0, "box": [1.374665, 1.378985, 0.499083, 0.503705, 0.002232, 0.002511]}
{"trace": [1.0245, 1.366, 1.7745, 2.0703, 0.0, 0.0179], "boxes": 6800, "depth": 20, "stack": 11, "swept": 1507, "failed": 0, "box": [1.258025, 1.262345, 1.864631, 1.866942, 0.00279, 0.003069]}
{"trace": [1.366, 1.7075, 0.2958, 0.5915, 0.0, 0.0179], "boxes": 7800, "depth": 20, "stack": 7, "swept": 1726, "failed": 0, "box": [1.409226, 1.413546, 0.499083, 0.501394, 0.001395, 0.001535]}
{"trace": [1.0245, 1.366, 1.7745, 2.0703, 0.0, 0.0179], "boxes": 7000, "depth": 20, "stack": 9, "swept": 1583, "failed": 0, "box": [1.227785, 1.232105, 1.864631, 1.866942, 0.003069, 0.003348]}
{"trace": [1.0245, 1.366, 1.7745, 2.0703, 0.0, 0.0179], "boxes": 7200, "depth": 21, "stack": 11, "swept": 1642, "failed": 0, "box": [1.288265, 1.292585, 1.864631, 1.866942, 0.001256, 0.001395]}
{"trace": [1.0245, 1.366, 1.7745, 2.0703, 0.0, 0.0179], "boxes": 7400, "depth": 21, "stack": 11, "swept": 1700, "failed": 0, "box": [1.288265, 1.292585, 1.864631, 1.866942, 0.000837, 0.000977]}
{"trace": [1.366, 1.7075, 0.2958, 0.5915, 0.0, 0.0179], "boxes": 8000, "depth": 21, "stack": 7, "swept": 1799, "failed": 0, "box": [1.422186, 1.424346, 0.499083, 0.501394, 0.000279, 0.000419]}
{"trace": [1.0245, 1.366, 1.7745, 2.0703, 0.0, 0.0179], "boxes": 7600, "depth": 22, "stack": 11, "swept": 1775, "failed": 0, "box": [1.266665, 1.268825, 1.864631, 1.866942, 0.000977, 0.001116]}
{"trace": [1.366, 1.7075, 0.2958, 0.5915, 0.0, 0.0179], "boxes": 8200, "depth": 10, "stack": 3, "swept": 1876, "failed": 0, "box": [1.366025, 1.400586, 0.499083, 0.517568, 0.0, 0.002232]}
{"trace": [1.0245, 1.366, 1.7745, 2.0703, 0.0, 0.0179], "boxes": 7800, "depth": 20, "stack": 11, "swept": 1844, "failed": 0, "box": [1.258025, 1.262345, 1.864631, 1.866942, 0.001395, 0.001674]}
{"trace": [1.366, 1.7075, 0.2958, 0.5915, 0.0, 0.0179], "boxes": 8400, "depth": 21, "stack": 7, "swept": 1912, "failed": 0, "box": [1.372505, 1.374665, 0.499083, 0.501394, 0.001395, 0.001535]}
{"trace": [1.0245, 1.366, 1.7745, 2.0703, 0.0, 0.0179], "boxes": 8000, "depth": 21, "stack": 9, "swept": 1912, "failed": 0, "box": [1.232105, 1.236425, 1.864631, 1.866942, 0.001395, 0.001535]}
{"trace": [1.366, 1.7075, 0.2958, 0.5915, 0.0, 0.0179], "boxes": 8600, "depth": 13, "stack": 3, "swept": 1988, "failed": 0, "box": [1.366025, 1.383305, 0.499083, 0.508326, 0.0, 0.001116]}
{"trace": [1.0245, 1.366, 1.7745, 2.0703, 0.0, 0.0179], "boxes": 8200, "depth": 17, "stack": 5, "swept": 1988, "failed": 0, "box": [1.245065, 1.253705, 1.8577, 1.862321, 0.0, 0.000558]}
{"trace": [1.0245, 1.366, 1.7745, 2.0703, 0.0, 0.0179], "boxes": 8400, "depth": 8, "stack": 5, "swept": 2052, "failed": 0, "box": [1.197785, 1.227785, 1.812884, 1.851249, 0.013393, 0.015625]}
{"trace": [1.0245, 1.366, 1.7745, 2.0703, 0.0, 0.0179], "boxes": 8600, "depth": 14, "stack": 7, "swept": 2052, "failed": 0, "box": [1.149878, 1.156004, 1.829973, 1.839215, 0.010045, 0.011161]}
{"done": 511, "of": 512, "seconds": 9942, "boxes": 8773, "swept": 2052, "failed": 0}
{"done": 512, "of": 512, "seconds": 10107, "boxes": 8769, "swept": 2052, "failed": 0}
